2026-01-30T08:29:28: ✅ Servidor rodando na porta 3000
2026-01-30T08:29:28: ✅ MySQL Pool conectado com sucesso
2026-01-30T08:31:28: ✅ Servidor rodando na porta 3000
2026-01-30T08:31:28: ✅ MySQL Pool conectado com sucesso
2026-01-30T08:32:09: ℹ️  POST /auth/login
2026-01-30T08:32:29: ℹ️  POST /auth/login
2026-01-30T08:32:36: ℹ️  POST /auth/login
2026-01-30T08:32:37: ℹ️  POST /auth/login
2026-01-30T08:45:35: ✅ Servidor rodando na porta 3000
2026-01-30T08:45:35: ✅ MySQL Pool conectado com sucesso
2026-01-30T08:47:03: ℹ️  POST /auth/login
2026-01-30T08:47:29: ✅ Servidor rodando na porta 3000
2026-01-30T08:47:29: ✅ MySQL Pool conectado com sucesso
2026-01-30T08:47:55: ℹ️  POST /auth/login
2026-01-30T09:15:26: [SUCCESS 2026-01-30T12:15:26.746Z] Servidor rodando na porta 3000
2026-01-30T09:15:26: [SUCCESS 2026-01-30T12:15:26.827Z] MySQL Pool conectado com sucesso
2026-01-30T09:15:49: [INFO 2026-01-30T12:15:49.424Z] POST /auth/login
2026-01-30T09:15:52: [INFO 2026-01-30T12:15:52.299Z] POST /auth/login
2026-01-30T09:15:55: [INFO 2026-01-30T12:15:55.602Z] POST /auth/login
2026-01-30T09:15:55: [INFO 2026-01-30T12:15:55.858Z] POST /auth/login
2026-01-30T09:15:56: [INFO 2026-01-30T12:15:56.034Z] POST /auth/login
2026-01-30T09:23:39: [INFO 2026-01-30T12:23:39.392Z] POST /auth/login
2026-01-30T09:23:50: [SUCCESS 2026-01-30T12:23:50.000Z] Servidor rodando na porta 3000
2026-01-30T09:23:50: [SUCCESS 2026-01-30T12:23:50.109Z] MySQL Pool conectado com sucesso
2026-01-30T09:24:06: [INFO 2026-01-30T12:24:06.342Z] POST /auth/login
2026-01-30T09:24:06: [INFO 2026-01-30T12:24:06.511Z] GET /empresas
2026-01-30T09:24:09: [INFO 2026-01-30T12:24:09.935Z] GET /usuarios
2026-01-30T09:24:12: [INFO 2026-01-30T12:24:12.462Z] GET /empresas
2026-01-30T09:24:15: [INFO 2026-01-30T12:24:15.372Z] GET /usuarios
2026-01-30T09:33:24: [INFO 2026-01-30T12:33:24.970Z] GET /empresas
2026-01-30T09:52:50: [INFO 2026-01-30T12:52:50.928Z] POST /empresas
2026-01-30T09:52:51: [INFO 2026-01-30T12:52:51.125Z] GET /empresas
2026-01-30T09:52:51: [INFO 2026-01-30T12:52:51.139Z] GET /empresas
2026-01-30T09:52:52: [INFO 2026-01-30T12:52:52.848Z] GET /empresas
2026-01-30T09:58:13: [INFO 2026-01-30T12:58:13.088Z] POST /auth/login
2026-01-30T09:58:13: [INFO 2026-01-30T12:58:13.325Z] GET /empresas
2026-01-30T10:11:35: [INFO 2026-01-30T13:11:35.612Z] POST /empresas
2026-01-30T10:11:35: [INFO 2026-01-30T13:11:35.780Z] GET /empresas
2026-01-30T10:11:35: [INFO 2026-01-30T13:11:35.801Z] GET /empresas
2026-01-30T10:11:37: [INFO 2026-01-30T13:11:37.625Z] GET /empresas
2026-01-30T10:13:03: [INFO 2026-01-30T13:13:03.066Z] POST /empresas
2026-01-30T10:13:03: [INFO 2026-01-30T13:13:03.094Z] GET /empresas
2026-01-30T10:13:03: [INFO 2026-01-30T13:13:03.112Z] GET /empresas
2026-01-30T10:13:04: [INFO 2026-01-30T13:13:04.838Z] GET /empresas
2026-01-30T10:15:19: [INFO 2026-01-30T13:15:19.837Z] GET /empresas
2026-01-30T10:16:44: [INFO 2026-01-30T13:16:44.155Z] POST /empresas
2026-01-30T10:16:44: [INFO 2026-01-30T13:16:44.176Z] GET /empresas
2026-01-30T10:16:44: [INFO 2026-01-30T13:16:44.197Z] GET /empresas
2026-01-30T10:16:45: [INFO 2026-01-30T13:16:45.993Z] GET /empresas
2026-01-30T10:18:10: [INFO 2026-01-30T13:18:10.757Z] POST /empresas
2026-01-30T10:18:10: [INFO 2026-01-30T13:18:10.778Z] GET /empresas
2026-01-30T10:18:10: [INFO 2026-01-30T13:18:10.795Z] GET /empresas
2026-01-30T10:18:12: [INFO 2026-01-30T13:18:12.753Z] GET /empresas
2026-01-30T10:19:37: [INFO 2026-01-30T13:19:37.929Z] POST /empresas
2026-01-30T10:19:37: [INFO 2026-01-30T13:19:37.979Z] GET /empresas
2026-01-30T10:19:38: [INFO 2026-01-30T13:19:38.006Z] GET /empresas
2026-01-30T10:19:39: [INFO 2026-01-30T13:19:39.858Z] GET /empresas
2026-01-30T10:21:05: [INFO 2026-01-30T13:21:05.923Z] POST /empresas
2026-01-30T10:21:05: [INFO 2026-01-30T13:21:05.943Z] GET /empresas
2026-01-30T10:21:05: [INFO 2026-01-30T13:21:05.964Z] GET /empresas
2026-01-30T10:21:07: [INFO 2026-01-30T13:21:07.749Z] GET /empresas
2026-01-30T10:22:32: [INFO 2026-01-30T13:22:32.726Z] POST /empresas
2026-01-30T10:22:32: [INFO 2026-01-30T13:22:32.744Z] GET /empresas
2026-01-30T10:22:32: [INFO 2026-01-30T13:22:32.750Z] GET /empresas
2026-01-30T10:22:34: [INFO 2026-01-30T13:22:34.532Z] GET /empresas
2026-01-30T10:24:01: [INFO 2026-01-30T13:24:01.685Z] POST /empresas
2026-01-30T10:24:01: [INFO 2026-01-30T13:24:01.708Z] GET /empresas
2026-01-30T10:24:01: [INFO 2026-01-30T13:24:01.739Z] GET /empresas
2026-01-30T10:24:03: [INFO 2026-01-30T13:24:03.661Z] GET /empresas
2026-01-30T10:25:29: [INFO 2026-01-30T13:25:29.843Z] POST /empresas
2026-01-30T10:25:29: [INFO 2026-01-30T13:25:29.863Z] GET /empresas
2026-01-30T10:25:29: [INFO 2026-01-30T13:25:29.867Z] GET /empresas
2026-01-30T10:25:31: [INFO 2026-01-30T13:25:31.645Z] GET /empresas
2026-01-30T10:26:54: [INFO 2026-01-30T13:26:54.839Z] POST /empresas
2026-01-30T10:26:54: [INFO 2026-01-30T13:26:54.862Z] GET /empresas
2026-01-30T10:26:54: [INFO 2026-01-30T13:26:54.892Z] GET /empresas
2026-01-30T10:26:56: [INFO 2026-01-30T13:26:56.619Z] GET /empresas
2026-01-30T10:28:19: [INFO 2026-01-30T13:28:19.823Z] POST /empresas
2026-01-30T10:28:19: [INFO 2026-01-30T13:28:19.845Z] GET /empresas
2026-01-30T10:28:19: [INFO 2026-01-30T13:28:19.863Z] GET /empresas
2026-01-30T10:28:49: [INFO 2026-01-30T13:28:49.759Z] POST /auth/login
2026-01-30T10:28:49: [INFO 2026-01-30T13:28:49.837Z] GET /empresas
2026-01-30T10:29:54: [INFO 2026-01-30T13:29:54.120Z] POST /empresas
2026-01-30T10:29:54: [INFO 2026-01-30T13:29:54.165Z] GET /empresas
2026-01-30T10:29:54: [INFO 2026-01-30T13:29:54.180Z] GET /empresas
2026-01-30T10:29:55: [INFO 2026-01-30T13:29:55.970Z] GET /empresas
2026-01-30T10:31:16: [INFO 2026-01-30T13:31:16.924Z] POST /empresas
2026-01-30T10:31:16: [INFO 2026-01-30T13:31:16.945Z] GET /empresas
2026-01-30T10:31:16: [INFO 2026-01-30T13:31:16.964Z] GET /empresas
2026-01-30T10:31:18: [INFO 2026-01-30T13:31:18.692Z] GET /empresas
2026-01-30T10:32:35: [INFO 2026-01-30T13:32:35.549Z] POST /empresas
2026-01-30T10:32:35: [INFO 2026-01-30T13:32:35.589Z] GET /empresas
2026-01-30T10:32:35: [INFO 2026-01-30T13:32:35.600Z] GET /empresas
2026-01-30T10:32:37: [INFO 2026-01-30T13:32:37.318Z] GET /empresas
2026-01-30T10:33:57: [INFO 2026-01-30T13:33:57.067Z] POST /empresas
2026-01-30T10:33:57: [INFO 2026-01-30T13:33:57.089Z] GET /empresas
2026-01-30T10:33:57: [INFO 2026-01-30T13:33:57.096Z] GET /empresas
2026-01-30T10:33:58: [INFO 2026-01-30T13:33:58.845Z] GET /empresas
2026-01-30T10:35:14: [INFO 2026-01-30T13:35:14.740Z] POST /empresas
2026-01-30T10:35:14: [INFO 2026-01-30T13:35:14.791Z] GET /empresas
2026-01-30T10:35:14: [INFO 2026-01-30T13:35:14.825Z] GET /empresas
2026-01-30T10:35:16: [INFO 2026-01-30T13:35:16.668Z] GET /empresas
2026-01-30T10:36:33: [INFO 2026-01-30T13:36:33.734Z] POST /empresas
2026-01-30T10:36:33: [INFO 2026-01-30T13:36:33.753Z] GET /empresas
2026-01-30T10:36:33: [INFO 2026-01-30T13:36:33.760Z] GET /empresas
2026-01-30T10:36:35: [INFO 2026-01-30T13:36:35.502Z] GET /empresas
2026-01-30T10:37:52: [INFO 2026-01-30T13:37:52.543Z] POST /empresas
2026-01-30T10:37:52: [INFO 2026-01-30T13:37:52.562Z] GET /empresas
2026-01-30T10:37:52: [INFO 2026-01-30T13:37:52.571Z] GET /empresas
2026-01-30T10:37:54: [INFO 2026-01-30T13:37:54.305Z] GET /empresas
2026-01-30T10:39:11: [INFO 2026-01-30T13:39:11.150Z] POST /empresas
2026-01-30T10:39:11: [INFO 2026-01-30T13:39:11.172Z] GET /empresas
2026-01-30T10:39:11: [INFO 2026-01-30T13:39:11.189Z] GET /empresas
2026-01-30T10:39:13: [INFO 2026-01-30T13:39:13.059Z] GET /empresas
2026-01-30T10:40:30: [INFO 2026-01-30T13:40:30.830Z] POST /empresas
2026-01-30T10:40:30: [INFO 2026-01-30T13:40:30.848Z] GET /empresas
2026-01-30T10:40:30: [INFO 2026-01-30T13:40:30.854Z] GET /empresas
2026-01-30T10:40:32: [INFO 2026-01-30T13:40:32.574Z] GET /empresas
2026-01-30T10:41:49: [INFO 2026-01-30T13:41:49.857Z] POST /empresas
2026-01-30T10:41:49: [INFO 2026-01-30T13:41:49.875Z] GET /empresas
2026-01-30T10:41:49: [INFO 2026-01-30T13:41:49.886Z] GET /empresas
2026-01-30T10:41:51: [INFO 2026-01-30T13:41:51.661Z] GET /empresas
2026-01-30T10:43:08: [INFO 2026-01-30T13:43:08.287Z] POST /empresas
2026-01-30T10:43:08: [INFO 2026-01-30T13:43:08.309Z] GET /empresas
2026-01-30T10:43:08: [INFO 2026-01-30T13:43:08.317Z] GET /empresas
2026-01-30T10:43:10: [INFO 2026-01-30T13:43:10.185Z] GET /empresas
2026-01-30T10:44:28: [INFO 2026-01-30T13:44:28.015Z] POST /empresas
2026-01-30T10:44:28: [INFO 2026-01-30T13:44:28.034Z] GET /empresas
2026-01-30T10:44:28: [INFO 2026-01-30T13:44:28.041Z] GET /empresas
2026-01-30T10:44:29: [INFO 2026-01-30T13:44:29.853Z] GET /empresas
2026-01-30T10:45:46: [INFO 2026-01-30T13:45:46.886Z] POST /empresas
2026-01-30T10:45:46: [INFO 2026-01-30T13:45:46.906Z] GET /empresas
2026-01-30T10:45:46: [INFO 2026-01-30T13:45:46.914Z] GET /empresas
2026-01-30T10:45:48: [INFO 2026-01-30T13:45:48.606Z] GET /empresas
2026-01-30T10:47:05: [INFO 2026-01-30T13:47:05.490Z] POST /empresas
2026-01-30T10:47:05: [INFO 2026-01-30T13:47:05.511Z] GET /empresas
2026-01-30T10:47:05: [INFO 2026-01-30T13:47:05.517Z] GET /empresas
2026-01-30T10:47:07: [INFO 2026-01-30T13:47:07.341Z] GET /empresas
2026-01-30T10:48:27: [INFO 2026-01-30T13:48:27.222Z] POST /empresas
2026-01-30T10:48:27: [INFO 2026-01-30T13:48:27.237Z] GET /empresas
2026-01-30T10:48:27: [INFO 2026-01-30T13:48:27.242Z] GET /empresas
2026-01-30T10:48:29: [INFO 2026-01-30T13:48:29.063Z] GET /empresas
2026-01-30T10:49:45: [INFO 2026-01-30T13:49:45.695Z] POST /empresas
2026-01-30T10:49:45: [INFO 2026-01-30T13:49:45.724Z] GET /empresas
2026-01-30T10:49:45: [INFO 2026-01-30T13:49:45.737Z] GET /empresas
2026-01-30T10:49:47: [INFO 2026-01-30T13:49:47.593Z] GET /empresas
2026-01-30T10:51:06: [INFO 2026-01-30T13:51:06.339Z] POST /empresas
2026-01-30T10:51:06: [INFO 2026-01-30T13:51:06.359Z] GET /empresas
2026-01-30T10:51:06: [INFO 2026-01-30T13:51:06.365Z] GET /empresas
2026-01-30T10:51:08: [INFO 2026-01-30T13:51:08.193Z] GET /empresas
2026-01-30T10:52:25: [INFO 2026-01-30T13:52:25.732Z] POST /empresas
2026-01-30T10:52:25: [INFO 2026-01-30T13:52:25.782Z] GET /empresas
2026-01-30T10:52:25: [INFO 2026-01-30T13:52:25.804Z] GET /empresas
2026-01-30T10:52:27: [INFO 2026-01-30T13:52:27.610Z] GET /empresas
2026-01-30T10:53:46: [INFO 2026-01-30T13:53:46.489Z] POST /empresas
2026-01-30T10:53:46: [INFO 2026-01-30T13:53:46.505Z] GET /empresas
2026-01-30T10:53:46: [INFO 2026-01-30T13:53:46.512Z] GET /empresas
2026-01-30T10:53:48: [INFO 2026-01-30T13:53:48.440Z] GET /empresas
2026-01-30T10:55:05: [INFO 2026-01-30T13:55:05.965Z] POST /empresas
2026-01-30T10:55:05: [INFO 2026-01-30T13:55:05.986Z] GET /empresas
2026-01-30T10:55:05: [INFO 2026-01-30T13:55:05.995Z] GET /empresas
2026-01-30T10:55:07: [INFO 2026-01-30T13:55:07.794Z] GET /empresas
2026-01-30T10:56:25: [INFO 2026-01-30T13:56:25.692Z] POST /empresas
2026-01-30T10:56:25: [INFO 2026-01-30T13:56:25.714Z] GET /empresas
2026-01-30T10:56:25: [INFO 2026-01-30T13:56:25.728Z] GET /empresas
2026-01-30T10:56:27: [INFO 2026-01-30T13:56:27.556Z] GET /empresas
2026-01-30T10:57:45: [INFO 2026-01-30T13:57:45.317Z] POST /empresas
2026-01-30T10:57:45: [INFO 2026-01-30T13:57:45.339Z] GET /empresas
2026-01-30T10:57:45: [INFO 2026-01-30T13:57:45.348Z] GET /empresas
2026-01-30T10:57:47: [INFO 2026-01-30T13:57:47.363Z] GET /empresas
2026-01-30T10:59:04: [INFO 2026-01-30T13:59:04.892Z] POST /empresas
2026-01-30T10:59:04: [INFO 2026-01-30T13:59:04.907Z] GET /empresas
2026-01-30T10:59:04: [INFO 2026-01-30T13:59:04.914Z] GET /empresas
2026-01-30T10:59:34: [INFO 2026-01-30T13:59:34.294Z] POST /auth/login
2026-01-30T10:59:34: [INFO 2026-01-30T13:59:34.373Z] GET /empresas
2026-01-30T11:00:35: [INFO 2026-01-30T14:00:35.033Z] POST /empresas
2026-01-30T11:00:35: [INFO 2026-01-30T14:00:35.048Z] GET /empresas
2026-01-30T11:00:35: [INFO 2026-01-30T14:00:35.055Z] GET /empresas
2026-01-30T11:00:36: [INFO 2026-01-30T14:00:36.887Z] GET /empresas
2026-01-30T11:01:54: [INFO 2026-01-30T14:01:54.158Z] POST /empresas
2026-01-30T11:01:54: [INFO 2026-01-30T14:01:54.175Z] GET /empresas
2026-01-30T11:01:54: [INFO 2026-01-30T14:01:54.180Z] GET /empresas
2026-01-30T11:01:56: [INFO 2026-01-30T14:01:56.076Z] GET /empresas
2026-01-30T11:03:13: [INFO 2026-01-30T14:03:13.783Z] POST /empresas
2026-01-30T11:03:13: [INFO 2026-01-30T14:03:13.803Z] GET /empresas
2026-01-30T11:03:13: [INFO 2026-01-30T14:03:13.814Z] GET /empresas
2026-01-30T11:03:15: [INFO 2026-01-30T14:03:15.626Z] GET /empresas
2026-01-30T11:04:32: [INFO 2026-01-30T14:04:32.839Z] POST /empresas
2026-01-30T11:04:32: [INFO 2026-01-30T14:04:32.862Z] GET /empresas
2026-01-30T11:04:32: [INFO 2026-01-30T14:04:32.869Z] GET /empresas
2026-01-30T11:04:34: [INFO 2026-01-30T14:04:34.603Z] GET /empresas
2026-01-30T11:05:51: [INFO 2026-01-30T14:05:51.578Z] POST /empresas
2026-01-30T11:05:51: [INFO 2026-01-30T14:05:51.592Z] GET /empresas
2026-01-30T11:05:51: [INFO 2026-01-30T14:05:51.606Z] GET /empresas
2026-01-30T11:05:53: [INFO 2026-01-30T14:05:53.443Z] GET /empresas
2026-01-30T11:07:11: [INFO 2026-01-30T14:07:11.185Z] POST /empresas
2026-01-30T11:07:11: [INFO 2026-01-30T14:07:11.201Z] GET /empresas
2026-01-30T11:07:11: [INFO 2026-01-30T14:07:11.210Z] GET /empresas
2026-01-30T11:07:13: [INFO 2026-01-30T14:07:13.076Z] GET /empresas
2026-01-30T11:08:33: [INFO 2026-01-30T14:08:33.386Z] POST /empresas
2026-01-30T11:08:33: [INFO 2026-01-30T14:08:33.404Z] GET /empresas
2026-01-30T11:08:33: [INFO 2026-01-30T14:08:33.415Z] GET /empresas
2026-01-30T11:08:35: [INFO 2026-01-30T14:08:35.986Z] GET /empresas
2026-01-30T11:09:54: [INFO 2026-01-30T14:09:54.248Z] POST /empresas
2026-01-30T11:09:54: [INFO 2026-01-30T14:09:54.265Z] GET /empresas
2026-01-30T11:09:54: [INFO 2026-01-30T14:09:54.271Z] GET /empresas
2026-01-30T11:09:56: [INFO 2026-01-30T14:09:56.079Z] GET /empresas
2026-01-30T11:11:15: [INFO 2026-01-30T14:11:15.312Z] POST /empresas
2026-01-30T11:11:15: [INFO 2026-01-30T14:11:15.327Z] GET /empresas
2026-01-30T11:11:15: [INFO 2026-01-30T14:11:15.339Z] GET /empresas
2026-01-30T11:11:17: [INFO 2026-01-30T14:11:17.241Z] GET /empresas
2026-01-30T11:12:34: [INFO 2026-01-30T14:12:34.701Z] POST /empresas
2026-01-30T11:12:34: [INFO 2026-01-30T14:12:34.718Z] GET /empresas
2026-01-30T11:12:34: [INFO 2026-01-30T14:12:34.726Z] GET /empresas
2026-01-30T11:12:36: [INFO 2026-01-30T14:12:36.524Z] GET /empresas
2026-01-30T11:13:55: [INFO 2026-01-30T14:13:55.498Z] POST /empresas
2026-01-30T11:13:55: [INFO 2026-01-30T14:13:55.515Z] GET /empresas
2026-01-30T11:13:55: [INFO 2026-01-30T14:13:55.520Z] GET /empresas
2026-01-30T11:13:57: [INFO 2026-01-30T14:13:57.433Z] GET /empresas
2026-01-30T11:15:15: [INFO 2026-01-30T14:15:15.440Z] POST /empresas
2026-01-30T11:15:15: [INFO 2026-01-30T14:15:15.462Z] GET /empresas
2026-01-30T11:15:15: [INFO 2026-01-30T14:15:15.473Z] GET /empresas
2026-01-30T11:15:17: [INFO 2026-01-30T14:15:17.270Z] GET /empresas
2026-01-30T11:16:35: [INFO 2026-01-30T14:16:35.937Z] POST /empresas
2026-01-30T11:16:35: [INFO 2026-01-30T14:16:35.952Z] GET /empresas
2026-01-30T11:16:35: [INFO 2026-01-30T14:16:35.960Z] GET /empresas
2026-01-30T11:16:37: [INFO 2026-01-30T14:16:37.880Z] GET /empresas
2026-01-30T11:17:58: [INFO 2026-01-30T14:17:58.169Z] POST /empresas
2026-01-30T11:17:58: [INFO 2026-01-30T14:17:58.187Z] GET /empresas
2026-01-30T11:17:58: [INFO 2026-01-30T14:17:58.195Z] GET /empresas
2026-01-30T11:18:00: [INFO 2026-01-30T14:18:00.178Z] GET /empresas
2026-01-30T11:19:18: [INFO 2026-01-30T14:19:18.495Z] POST /empresas
2026-01-30T11:19:18: [INFO 2026-01-30T14:19:18.512Z] GET /empresas
2026-01-30T11:19:18: [INFO 2026-01-30T14:19:18.518Z] GET /empresas
2026-01-30T11:19:20: [INFO 2026-01-30T14:19:20.654Z] GET /empresas
2026-01-30T11:20:39: [INFO 2026-01-30T14:20:39.357Z] POST /empresas
2026-01-30T11:20:39: [INFO 2026-01-30T14:20:39.391Z] GET /empresas
2026-01-30T11:20:39: [INFO 2026-01-30T14:20:39.421Z] GET /empresas
2026-01-30T11:20:41: [INFO 2026-01-30T14:20:41.320Z] GET /empresas
2026-01-30T11:21:59: [INFO 2026-01-30T14:21:59.403Z] POST /empresas
2026-01-30T11:21:59: [INFO 2026-01-30T14:21:59.422Z] GET /empresas
2026-01-30T11:21:59: [INFO 2026-01-30T14:21:59.429Z] GET /empresas
2026-01-30T11:22:01: [INFO 2026-01-30T14:22:01.489Z] GET /empresas
2026-01-30T11:23:20: [INFO 2026-01-30T14:23:20.465Z] POST /empresas
2026-01-30T11:23:20: [INFO 2026-01-30T14:23:20.478Z] GET /empresas
2026-01-30T11:23:20: [INFO 2026-01-30T14:23:20.490Z] GET /empresas
2026-01-30T11:23:22: [INFO 2026-01-30T14:23:22.367Z] GET /empresas
2026-01-30T11:24:41: [INFO 2026-01-30T14:24:41.308Z] POST /empresas
2026-01-30T11:24:41: [INFO 2026-01-30T14:24:41.326Z] GET /empresas
2026-01-30T11:24:41: [INFO 2026-01-30T14:24:41.335Z] GET /empresas
2026-01-30T11:24:43: [INFO 2026-01-30T14:24:43.164Z] GET /empresas
2026-01-30T11:26:01: [INFO 2026-01-30T14:26:01.871Z] POST /empresas
2026-01-30T11:26:01: [INFO 2026-01-30T14:26:01.903Z] GET /empresas
2026-01-30T11:26:01: [INFO 2026-01-30T14:26:01.908Z] GET /empresas
2026-01-30T11:26:03: [INFO 2026-01-30T14:26:03.781Z] GET /empresas
2026-01-30T11:27:21: [INFO 2026-01-30T14:27:21.930Z] POST /empresas
2026-01-30T11:27:21: [INFO 2026-01-30T14:27:21.950Z] GET /empresas
2026-01-30T11:27:21: [INFO 2026-01-30T14:27:21.960Z] GET /empresas
2026-01-30T11:27:23: [INFO 2026-01-30T14:27:23.827Z] GET /empresas
2026-01-30T11:28:42: [INFO 2026-01-30T14:28:42.960Z] POST /empresas
2026-01-30T11:28:42: [INFO 2026-01-30T14:28:42.974Z] GET /empresas
2026-01-30T11:28:42: [INFO 2026-01-30T14:28:42.981Z] GET /empresas
2026-01-30T11:28:45: [INFO 2026-01-30T14:28:45.135Z] GET /empresas
2026-01-30T11:30:05: [INFO 2026-01-30T14:30:05.059Z] POST /empresas
2026-01-30T11:30:05: [INFO 2026-01-30T14:30:05.075Z] GET /empresas
2026-01-30T11:30:05: [INFO 2026-01-30T14:30:05.086Z] GET /empresas
2026-01-30T11:30:36: [INFO 2026-01-30T14:30:36.425Z] POST /auth/login
2026-01-30T11:30:36: [INFO 2026-01-30T14:30:36.546Z] GET /empresas
2026-01-30T11:31:37: [INFO 2026-01-30T14:31:37.595Z] POST /empresas
2026-01-30T11:31:37: [INFO 2026-01-30T14:31:37.614Z] GET /empresas
2026-01-30T11:31:37: [INFO 2026-01-30T14:31:37.627Z] GET /empresas
2026-01-30T11:31:39: [INFO 2026-01-30T14:31:39.435Z] GET /empresas
2026-01-30T11:32:57: [INFO 2026-01-30T14:32:57.321Z] POST /empresas
2026-01-30T11:32:57: [INFO 2026-01-30T14:32:57.341Z] GET /empresas
2026-01-30T11:32:57: [INFO 2026-01-30T14:32:57.356Z] GET /empresas
2026-01-30T11:32:59: [INFO 2026-01-30T14:32:59.249Z] GET /empresas
2026-01-30T11:34:19: [INFO 2026-01-30T14:34:19.422Z] POST /empresas
2026-01-30T11:34:19: [INFO 2026-01-30T14:34:19.441Z] GET /empresas
2026-01-30T11:34:19: [INFO 2026-01-30T14:34:19.454Z] GET /empresas
2026-01-30T11:34:21: [INFO 2026-01-30T14:34:21.361Z] GET /empresas
2026-01-30T11:35:42: [INFO 2026-01-30T14:35:42.875Z] POST /empresas
2026-01-30T11:35:42: [INFO 2026-01-30T14:35:42.896Z] GET /empresas
2026-01-30T11:35:42: [INFO 2026-01-30T14:35:42.905Z] GET /empresas
2026-01-30T11:35:44: [INFO 2026-01-30T14:35:44.905Z] GET /empresas
2026-01-30T11:37:03: [INFO 2026-01-30T14:37:03.285Z] POST /empresas
2026-01-30T11:37:03: [INFO 2026-01-30T14:37:03.301Z] GET /empresas
2026-01-30T11:37:03: [INFO 2026-01-30T14:37:03.313Z] GET /empresas
2026-01-30T11:37:05: [INFO 2026-01-30T14:37:05.742Z] GET /empresas
2026-01-30T11:38:27: [INFO 2026-01-30T14:38:27.979Z] POST /empresas
2026-01-30T11:38:28: [INFO 2026-01-30T14:38:28.001Z] GET /empresas
2026-01-30T11:38:28: [INFO 2026-01-30T14:38:28.012Z] GET /empresas
2026-01-30T11:38:30: [INFO 2026-01-30T14:38:30.182Z] GET /empresas
2026-01-30T11:39:51: [INFO 2026-01-30T14:39:51.434Z] POST /empresas
2026-01-30T11:39:51: [INFO 2026-01-30T14:39:51.450Z] GET /empresas
2026-01-30T11:39:51: [INFO 2026-01-30T14:39:51.464Z] GET /empresas
2026-01-30T11:39:53: [INFO 2026-01-30T14:39:53.400Z] GET /empresas
2026-01-30T11:41:15: [INFO 2026-01-30T14:41:15.423Z] POST /empresas
2026-01-30T11:41:15: [INFO 2026-01-30T14:41:15.440Z] GET /empresas
2026-01-30T11:41:15: [INFO 2026-01-30T14:41:15.446Z] GET /empresas
2026-01-30T11:41:17: [INFO 2026-01-30T14:41:17.518Z] GET /empresas
2026-01-30T11:42:39: [INFO 2026-01-30T14:42:39.546Z] POST /empresas
2026-01-30T11:42:39: [INFO 2026-01-30T14:42:39.566Z] GET /empresas
2026-01-30T11:42:39: [INFO 2026-01-30T14:42:39.572Z] GET /empresas
2026-01-30T11:42:41: [INFO 2026-01-30T14:42:41.574Z] GET /empresas
2026-01-30T11:44:04: [INFO 2026-01-30T14:44:04.256Z] POST /empresas
2026-01-30T11:44:04: [INFO 2026-01-30T14:44:04.275Z] GET /empresas
2026-01-30T11:44:04: [INFO 2026-01-30T14:44:04.281Z] GET /empresas
2026-01-30T11:44:06: [INFO 2026-01-30T14:44:06.357Z] GET /empresas
2026-01-30T11:45:29: [INFO 2026-01-30T14:45:29.657Z] POST /empresas
2026-01-30T11:45:29: [INFO 2026-01-30T14:45:29.681Z] GET /empresas
2026-01-30T11:45:29: [INFO 2026-01-30T14:45:29.687Z] GET /empresas
2026-01-30T11:45:31: [INFO 2026-01-30T14:45:31.712Z] GET /empresas
2026-01-30T11:46:53: [INFO 2026-01-30T14:46:53.340Z] POST /empresas
2026-01-30T11:46:53: [INFO 2026-01-30T14:46:53.354Z] GET /empresas
2026-01-30T11:46:53: [INFO 2026-01-30T14:46:53.370Z] GET /empresas
2026-01-30T11:46:55: [INFO 2026-01-30T14:46:55.456Z] GET /empresas
2026-01-30T11:48:17: [INFO 2026-01-30T14:48:17.211Z] POST /empresas
2026-01-30T11:48:17: [INFO 2026-01-30T14:48:17.233Z] GET /empresas
2026-01-30T11:48:17: [INFO 2026-01-30T14:48:17.244Z] GET /empresas
2026-01-30T11:48:19: [INFO 2026-01-30T14:48:19.518Z] GET /empresas
2026-01-30T11:49:44: [INFO 2026-01-30T14:49:44.396Z] POST /empresas
2026-01-30T11:49:44: [INFO 2026-01-30T14:49:44.415Z] GET /empresas
2026-01-30T11:49:44: [INFO 2026-01-30T14:49:44.420Z] GET /empresas
2026-01-30T11:49:46: [INFO 2026-01-30T14:49:46.758Z] GET /empresas
2026-01-30T11:51:09: [INFO 2026-01-30T14:51:09.508Z] POST /empresas
2026-01-30T11:51:09: [INFO 2026-01-30T14:51:09.527Z] GET /empresas
2026-01-30T11:51:09: [INFO 2026-01-30T14:51:09.535Z] GET /empresas
2026-01-30T11:51:11: [INFO 2026-01-30T14:51:11.494Z] GET /empresas
2026-01-30T11:52:33: [INFO 2026-01-30T14:52:33.045Z] POST /empresas
2026-01-30T11:52:33: [INFO 2026-01-30T14:52:33.067Z] GET /empresas
2026-01-30T11:52:33: [INFO 2026-01-30T14:52:33.078Z] GET /empresas
2026-01-30T11:52:35: [INFO 2026-01-30T14:52:35.246Z] GET /empresas
2026-01-30T11:53:55: [INFO 2026-01-30T14:53:55.430Z] POST /empresas
2026-01-30T11:53:55: [INFO 2026-01-30T14:53:55.444Z] GET /empresas
2026-01-30T11:53:55: [INFO 2026-01-30T14:53:55.453Z] GET /empresas
2026-01-30T11:53:57: [INFO 2026-01-30T14:53:57.955Z] GET /empresas
2026-01-30T11:55:18: [INFO 2026-01-30T14:55:18.348Z] POST /empresas
2026-01-30T11:55:18: [INFO 2026-01-30T14:55:18.370Z] GET /empresas
2026-01-30T11:55:18: [INFO 2026-01-30T14:55:18.384Z] GET /empresas
2026-01-30T11:55:20: [INFO 2026-01-30T14:55:20.542Z] GET /empresas
2026-01-30T11:56:43: [INFO 2026-01-30T14:56:43.276Z] POST /empresas
2026-01-30T11:56:43: [INFO 2026-01-30T14:56:43.297Z] GET /empresas
2026-01-30T11:56:43: [INFO 2026-01-30T14:56:43.303Z] GET /empresas
2026-01-30T11:56:45: [INFO 2026-01-30T14:56:45.218Z] GET /empresas
2026-01-30T11:58:08: [INFO 2026-01-30T14:58:08.337Z] POST /empresas
2026-01-30T11:58:08: [INFO 2026-01-30T14:58:08.353Z] GET /empresas
2026-01-30T11:58:08: [INFO 2026-01-30T14:58:08.360Z] GET /empresas
2026-01-30T11:58:11: [INFO 2026-01-30T14:58:11.114Z] GET /empresas
2026-01-30T11:59:32: [INFO 2026-01-30T14:59:32.627Z] POST /empresas
2026-01-30T11:59:32: [INFO 2026-01-30T14:59:32.645Z] GET /empresas
2026-01-30T11:59:32: [INFO 2026-01-30T14:59:32.655Z] GET /empresas
2026-01-30T11:59:34: [INFO 2026-01-30T14:59:34.562Z] GET /empresas
2026-01-30T12:00:58: [INFO 2026-01-30T15:00:58.171Z] POST /empresas
2026-01-30T12:00:58: [INFO 2026-01-30T15:00:58.190Z] GET /empresas
2026-01-30T12:00:58: [INFO 2026-01-30T15:00:58.200Z] GET /empresas
2026-01-30T12:01:29: [INFO 2026-01-30T15:01:29.987Z] POST /auth/login
2026-01-30T12:01:30: [INFO 2026-01-30T15:01:30.092Z] GET /empresas
2026-01-30T12:02:31: [INFO 2026-01-30T15:02:31.043Z] POST /empresas
2026-01-30T12:02:31: [INFO 2026-01-30T15:02:31.065Z] GET /empresas
2026-01-30T12:02:31: [INFO 2026-01-30T15:02:31.073Z] GET /empresas
2026-01-30T12:02:32: [INFO 2026-01-30T15:02:32.934Z] GET /empresas
2026-01-30T12:03:54: [INFO 2026-01-30T15:03:54.665Z] POST /empresas
2026-01-30T12:03:54: [INFO 2026-01-30T15:03:54.683Z] GET /empresas
2026-01-30T12:03:54: [INFO 2026-01-30T15:03:54.692Z] GET /empresas
2026-01-30T12:03:56: [INFO 2026-01-30T15:03:56.649Z] GET /empresas
2026-01-30T12:05:18: [INFO 2026-01-30T15:05:18.454Z] POST /empresas
2026-01-30T12:05:18: [INFO 2026-01-30T15:05:18.476Z] GET /empresas
2026-01-30T12:05:18: [INFO 2026-01-30T15:05:18.488Z] GET /empresas
2026-01-30T12:05:20: [INFO 2026-01-30T15:05:20.901Z] GET /empresas
2026-01-30T12:06:47: [INFO 2026-01-30T15:06:47.009Z] POST /empresas
2026-01-30T12:06:47: [INFO 2026-01-30T15:06:47.038Z] GET /empresas
2026-01-30T12:06:47: [INFO 2026-01-30T15:06:47.054Z] GET /empresas
2026-01-30T12:06:48: [INFO 2026-01-30T15:06:48.974Z] GET /empresas
2026-01-30T12:08:08: [INFO 2026-01-30T15:08:08.775Z] POST /empresas
2026-01-30T12:08:08: [INFO 2026-01-30T15:08:08.797Z] GET /empresas
2026-01-30T12:08:08: [INFO 2026-01-30T15:08:08.805Z] GET /empresas
2026-01-30T12:08:10: [INFO 2026-01-30T15:08:10.667Z] GET /empresas
2026-01-30T12:09:34: [INFO 2026-01-30T15:09:34.940Z] POST /empresas
2026-01-30T12:09:34: [INFO 2026-01-30T15:09:34.956Z] GET /empresas
2026-01-30T12:09:34: [INFO 2026-01-30T15:09:34.963Z] GET /empresas
2026-01-30T12:09:37: [INFO 2026-01-30T15:09:37.202Z] GET /empresas
2026-01-30T12:11:00: [INFO 2026-01-30T15:11:00.553Z] POST /empresas
2026-01-30T12:11:00: [INFO 2026-01-30T15:11:00.566Z] GET /empresas
2026-01-30T12:11:00: [INFO 2026-01-30T15:11:00.580Z] GET /empresas
2026-01-30T12:11:03: [INFO 2026-01-30T15:11:03.679Z] GET /empresas
2026-01-30T12:12:25: [INFO 2026-01-30T15:12:25.561Z] POST /empresas
2026-01-30T12:12:25: [INFO 2026-01-30T15:12:25.579Z] GET /empresas
2026-01-30T12:12:25: [INFO 2026-01-30T15:12:25.587Z] GET /empresas
2026-01-30T12:12:27: [INFO 2026-01-30T15:12:27.990Z] GET /empresas
2026-01-30T12:13:52: [INFO 2026-01-30T15:13:52.378Z] POST /empresas
2026-01-30T12:13:52: [INFO 2026-01-30T15:13:52.399Z] GET /empresas
2026-01-30T12:13:52: [INFO 2026-01-30T15:13:52.410Z] GET /empresas
2026-01-30T12:13:54: [INFO 2026-01-30T15:13:54.292Z] GET /empresas
2026-01-30T12:15:15: [INFO 2026-01-30T15:15:15.199Z] POST /empresas
2026-01-30T12:15:15: [INFO 2026-01-30T15:15:15.221Z] GET /empresas
2026-01-30T12:15:15: [INFO 2026-01-30T15:15:15.239Z] GET /empresas
2026-01-30T12:15:17: [INFO 2026-01-30T15:15:17.273Z] GET /empresas
2026-01-30T12:16:41: [INFO 2026-01-30T15:16:41.226Z] POST /empresas
2026-01-30T12:16:41: [INFO 2026-01-30T15:16:41.253Z] GET /empresas
2026-01-30T12:16:41: [INFO 2026-01-30T15:16:41.263Z] GET /empresas
2026-01-30T12:16:43: [INFO 2026-01-30T15:16:43.667Z] GET /empresas
2026-01-30T12:18:06: [INFO 2026-01-30T15:18:06.621Z] POST /empresas
2026-01-30T12:18:06: [INFO 2026-01-30T15:18:06.649Z] GET /empresas
2026-01-30T12:18:06: [INFO 2026-01-30T15:18:06.655Z] GET /empresas
2026-01-30T12:18:09: [INFO 2026-01-30T15:18:09.984Z] GET /empresas
2026-01-30T12:19:32: [INFO 2026-01-30T15:19:32.601Z] POST /empresas
2026-01-30T12:19:32: [INFO 2026-01-30T15:19:32.626Z] GET /empresas
2026-01-30T12:19:32: [INFO 2026-01-30T15:19:32.637Z] GET /empresas
2026-01-30T12:19:34: [INFO 2026-01-30T15:19:34.416Z] GET /empresas
2026-01-30T12:21:04: [INFO 2026-01-30T15:21:04.458Z] GET /empresas
2026-01-30T12:22:27: [INFO 2026-01-30T15:22:27.204Z] POST /empresas
2026-01-30T12:22:27: [INFO 2026-01-30T15:22:27.219Z] GET /empresas
2026-01-30T12:22:27: [INFO 2026-01-30T15:22:27.229Z] GET /empresas
2026-01-30T12:22:29: [INFO 2026-01-30T15:22:29.271Z] GET /empresas
2026-01-30T12:23:53: [INFO 2026-01-30T15:23:53.937Z] POST /empresas
2026-01-30T12:23:53: [INFO 2026-01-30T15:23:53.973Z] GET /empresas
2026-01-30T12:23:53: [INFO 2026-01-30T15:23:53.994Z] GET /empresas
2026-01-30T12:23:56: [INFO 2026-01-30T15:23:56.165Z] GET /empresas
2026-01-30T12:25:19: [INFO 2026-01-30T15:25:19.785Z] POST /empresas
2026-01-30T12:25:19: [INFO 2026-01-30T15:25:19.819Z] GET /empresas
2026-01-30T12:25:19: [INFO 2026-01-30T15:25:19.833Z] GET /empresas
2026-01-30T12:25:22: [INFO 2026-01-30T15:25:22.769Z] GET /empresas
2026-01-30T12:26:46: [INFO 2026-01-30T15:26:46.453Z] POST /empresas
2026-01-30T12:26:46: [INFO 2026-01-30T15:26:46.479Z] GET /empresas
2026-01-30T12:26:46: [INFO 2026-01-30T15:26:46.495Z] GET /empresas
2026-01-30T12:26:49: [INFO 2026-01-30T15:26:49.033Z] GET /empresas
2026-01-30T12:28:12: [INFO 2026-01-30T15:28:12.839Z] POST /empresas
2026-01-30T12:28:12: [INFO 2026-01-30T15:28:12.857Z] GET /empresas
2026-01-30T12:28:12: [INFO 2026-01-30T15:28:12.866Z] GET /empresas
2026-01-30T12:28:15: [INFO 2026-01-30T15:28:15.082Z] GET /empresas
2026-01-30T12:29:39: [INFO 2026-01-30T15:29:39.078Z] POST /empresas
2026-01-30T12:29:39: [INFO 2026-01-30T15:29:39.098Z] GET /empresas
2026-01-30T12:29:39: [INFO 2026-01-30T15:29:39.105Z] GET /empresas
2026-01-30T12:29:44: [INFO 2026-01-30T15:29:44.765Z] GET /empresas
2026-01-30T12:31:06: [INFO 2026-01-30T15:31:06.646Z] POST /empresas
2026-01-30T12:31:06: [INFO 2026-01-30T15:31:06.671Z] GET /empresas
2026-01-30T12:31:06: [INFO 2026-01-30T15:31:06.685Z] GET /empresas
2026-01-30T12:31:08: [INFO 2026-01-30T15:31:08.654Z] GET /empresas
2026-01-30T12:32:31: [INFO 2026-01-30T15:32:31.238Z] POST /empresas
2026-01-30T12:32:31: [INFO 2026-01-30T15:32:31.254Z] GET /empresas
2026-01-30T12:32:31: [INFO 2026-01-30T15:32:31.262Z] GET /empresas
2026-01-30T12:33:05: [INFO 2026-01-30T15:33:05.276Z] POST /auth/login
2026-01-30T12:33:05: [INFO 2026-01-30T15:33:05.379Z] GET /empresas
2026-01-30T12:34:09: [INFO 2026-01-30T15:34:09.410Z] POST /empresas
2026-01-30T12:34:09: [INFO 2026-01-30T15:34:09.425Z] GET /empresas
2026-01-30T12:34:09: [INFO 2026-01-30T15:34:09.442Z] GET /empresas
2026-01-30T12:34:11: [INFO 2026-01-30T15:34:11.649Z] GET /empresas
2026-01-30T12:35:35: [INFO 2026-01-30T15:35:35.810Z] POST /empresas
2026-01-30T12:35:35: [INFO 2026-01-30T15:35:35.837Z] GET /empresas
2026-01-30T12:35:35: [INFO 2026-01-30T15:35:35.845Z] GET /empresas
2026-01-30T12:35:37: [INFO 2026-01-30T15:35:37.916Z] GET /empresas
2026-01-30T12:37:00: [INFO 2026-01-30T15:37:00.818Z] POST /empresas
2026-01-30T12:37:00: [INFO 2026-01-30T15:37:00.840Z] GET /empresas
2026-01-30T12:37:00: [INFO 2026-01-30T15:37:00.849Z] GET /empresas
2026-01-30T12:37:02: [INFO 2026-01-30T15:37:02.997Z] GET /empresas
2026-01-30T12:38:26: [INFO 2026-01-30T15:38:26.265Z] POST /empresas
2026-01-30T12:38:26: [INFO 2026-01-30T15:38:26.283Z] GET /empresas
2026-01-30T12:38:26: [INFO 2026-01-30T15:38:26.292Z] GET /empresas
2026-01-30T12:38:29: [INFO 2026-01-30T15:38:29.349Z] GET /empresas
2026-01-30T12:39:53: [INFO 2026-01-30T15:39:53.015Z] POST /empresas
2026-01-30T12:39:53: [INFO 2026-01-30T15:39:53.030Z] GET /empresas
2026-01-30T12:39:53: [INFO 2026-01-30T15:39:53.038Z] GET /empresas
2026-01-30T12:39:55: [INFO 2026-01-30T15:39:55.443Z] GET /empresas
2026-01-30T12:41:21: [INFO 2026-01-30T15:41:21.537Z] POST /empresas
2026-01-30T12:41:21: [INFO 2026-01-30T15:41:21.558Z] GET /empresas
2026-01-30T12:41:21: [INFO 2026-01-30T15:41:21.570Z] GET /empresas
2026-01-30T12:41:23: [INFO 2026-01-30T15:41:23.726Z] GET /empresas
2026-01-30T12:42:49: [INFO 2026-01-30T15:42:49.178Z] POST /empresas
2026-01-30T12:42:49: [INFO 2026-01-30T15:42:49.229Z] GET /empresas
2026-01-30T12:42:49: [INFO 2026-01-30T15:42:49.241Z] GET /empresas
2026-01-30T12:42:51: [INFO 2026-01-30T15:42:51.727Z] GET /empresas
2026-01-30T12:44:19: [INFO 2026-01-30T15:44:19.350Z] POST /empresas
2026-01-30T12:44:19: [INFO 2026-01-30T15:44:19.375Z] GET /empresas
2026-01-30T12:44:19: [INFO 2026-01-30T15:44:19.384Z] GET /empresas
2026-01-30T12:44:24: [INFO 2026-01-30T15:44:24.094Z] GET /empresas
2026-01-30T12:45:50: [INFO 2026-01-30T15:45:50.272Z] POST /empresas
2026-01-30T12:45:50: [INFO 2026-01-30T15:45:50.296Z] GET /empresas
2026-01-30T12:45:50: [INFO 2026-01-30T15:45:50.305Z] GET /empresas
2026-01-30T12:45:52: [INFO 2026-01-30T15:45:52.986Z] GET /empresas
2026-01-30T12:47:17: [INFO 2026-01-30T15:47:17.513Z] POST /empresas
2026-01-30T12:47:17: [INFO 2026-01-30T15:47:17.533Z] GET /empresas
2026-01-30T12:47:17: [INFO 2026-01-30T15:47:17.547Z] GET /empresas
2026-01-30T12:47:21: [INFO 2026-01-30T15:47:21.876Z] GET /empresas
2026-01-30T12:48:44: [INFO 2026-01-30T15:48:44.418Z] POST /empresas
2026-01-30T12:48:44: [INFO 2026-01-30T15:48:44.443Z] GET /empresas
2026-01-30T12:48:44: [INFO 2026-01-30T15:48:44.452Z] GET /empresas
2026-01-30T12:48:47: [INFO 2026-01-30T15:48:47.183Z] GET /empresas
2026-01-30T12:50:13: [INFO 2026-01-30T15:50:13.173Z] POST /empresas
2026-01-30T12:50:13: [INFO 2026-01-30T15:50:13.193Z] GET /empresas
2026-01-30T12:50:13: [INFO 2026-01-30T15:50:13.202Z] GET /empresas
2026-01-30T12:50:15: [INFO 2026-01-30T15:50:15.971Z] GET /empresas
2026-01-30T12:51:41: [INFO 2026-01-30T15:51:41.825Z] POST /empresas
2026-01-30T12:51:41: [INFO 2026-01-30T15:51:41.843Z] GET /empresas
2026-01-30T12:51:41: [INFO 2026-01-30T15:51:41.855Z] GET /empresas
2026-01-30T12:51:44: [INFO 2026-01-30T15:51:44.649Z] GET /empresas
2026-01-30T12:53:10: [INFO 2026-01-30T15:53:10.901Z] POST /empresas
2026-01-30T12:53:10: [INFO 2026-01-30T15:53:10.919Z] GET /empresas
2026-01-30T12:53:10: [INFO 2026-01-30T15:53:10.930Z] GET /empresas
2026-01-30T12:53:13: [INFO 2026-01-30T15:53:13.736Z] GET /empresas
2026-01-30T12:54:38: [INFO 2026-01-30T15:54:38.707Z] POST /empresas
2026-01-30T12:54:38: [INFO 2026-01-30T15:54:38.730Z] GET /empresas
2026-01-30T12:54:38: [INFO 2026-01-30T15:54:38.757Z] GET /empresas
2026-01-30T12:54:41: [INFO 2026-01-30T15:54:41.546Z] GET /empresas
2026-01-30T12:56:07: [INFO 2026-01-30T15:56:07.695Z] POST /empresas
2026-01-30T12:56:07: [INFO 2026-01-30T15:56:07.718Z] GET /empresas
2026-01-30T12:56:07: [INFO 2026-01-30T15:56:07.725Z] GET /empresas
2026-01-30T12:56:10: [INFO 2026-01-30T15:56:10.612Z] GET /empresas
2026-01-30T12:57:34: [INFO 2026-01-30T15:57:34.415Z] POST /empresas
2026-01-30T12:57:34: [INFO 2026-01-30T15:57:34.438Z] GET /empresas
2026-01-30T12:57:34: [INFO 2026-01-30T15:57:34.447Z] GET /empresas
2026-01-30T12:57:37: [INFO 2026-01-30T15:57:37.719Z] GET /empresas
2026-01-30T12:59:03: [INFO 2026-01-30T15:59:03.235Z] POST /empresas
2026-01-30T12:59:03: [INFO 2026-01-30T15:59:03.257Z] GET /empresas
2026-01-30T12:59:03: [INFO 2026-01-30T15:59:03.268Z] GET /empresas
2026-01-30T12:59:06: [INFO 2026-01-30T15:59:06.346Z] GET /empresas
2026-01-30T13:00:30: [INFO 2026-01-30T16:00:30.405Z] POST /empresas
2026-01-30T13:00:30: [INFO 2026-01-30T16:00:30.427Z] GET /empresas
2026-01-30T13:00:30: [INFO 2026-01-30T16:00:30.438Z] GET /empresas
2026-01-30T13:00:33: [INFO 2026-01-30T16:00:33.731Z] GET /empresas
2026-01-30T13:01:58: [INFO 2026-01-30T16:01:58.826Z] POST /empresas
2026-01-30T13:01:58: [INFO 2026-01-30T16:01:58.842Z] GET /empresas
2026-01-30T13:01:58: [INFO 2026-01-30T16:01:58.851Z] GET /empresas
2026-01-30T13:02:02: [INFO 2026-01-30T16:02:02.032Z] GET /empresas
2026-01-30T13:03:28: [INFO 2026-01-30T16:03:28.781Z] POST /empresas
2026-01-30T13:03:28: [INFO 2026-01-30T16:03:28.804Z] GET /empresas
2026-01-30T13:03:28: [INFO 2026-01-30T16:03:28.875Z] GET /empresas
2026-01-30T13:03:31: [INFO 2026-01-30T16:03:31.981Z] GET /empresas
2026-01-30T13:04:04: [INFO 2026-01-30T16:04:04.409Z] POST /auth/login
2026-01-30T13:04:04: [INFO 2026-01-30T16:04:04.498Z] GET /empresas
2026-01-30T13:05:08: [INFO 2026-01-30T16:05:08.311Z] POST /empresas
2026-01-30T13:05:08: [INFO 2026-01-30T16:05:08.353Z] GET /empresas
2026-01-30T13:05:08: [INFO 2026-01-30T16:05:08.369Z] GET /empresas
2026-01-30T13:05:11: [INFO 2026-01-30T16:05:11.468Z] GET /empresas
2026-01-30T13:06:37: [INFO 2026-01-30T16:06:37.067Z] POST /empresas
2026-01-30T13:06:37: [INFO 2026-01-30T16:06:37.096Z] GET /empresas
2026-01-30T13:06:37: [INFO 2026-01-30T16:06:37.173Z] GET /empresas
2026-01-30T13:06:41: [INFO 2026-01-30T16:06:41.512Z] GET /empresas
2026-01-30T13:08:04: [INFO 2026-01-30T16:08:04.389Z] POST /empresas
2026-01-30T13:08:04: [INFO 2026-01-30T16:08:04.414Z] GET /empresas
2026-01-30T13:08:04: [INFO 2026-01-30T16:08:04.424Z] GET /empresas
2026-01-30T13:08:07: [INFO 2026-01-30T16:08:07.675Z] GET /empresas
2026-01-30T13:09:32: [INFO 2026-01-30T16:09:32.421Z] POST /empresas
2026-01-30T13:09:32: [INFO 2026-01-30T16:09:32.439Z] GET /empresas
2026-01-30T13:09:32: [INFO 2026-01-30T16:09:32.447Z] GET /empresas
2026-01-30T13:09:35: [INFO 2026-01-30T16:09:35.842Z] GET /empresas
2026-01-30T13:11:02: [INFO 2026-01-30T16:11:02.953Z] POST /empresas
2026-01-30T13:11:02: [INFO 2026-01-30T16:11:02.971Z] GET /empresas
2026-01-30T13:11:02: [INFO 2026-01-30T16:11:02.982Z] GET /empresas
2026-01-30T13:11:06: [INFO 2026-01-30T16:11:06.587Z] GET /empresas
2026-01-30T13:12:34: [INFO 2026-01-30T16:12:34.084Z] POST /empresas
2026-01-30T13:12:34: [INFO 2026-01-30T16:12:34.118Z] GET /empresas
2026-01-30T13:12:34: [INFO 2026-01-30T16:12:34.130Z] GET /empresas
2026-01-30T13:12:37: [INFO 2026-01-30T16:12:37.947Z] GET /empresas
2026-01-30T13:14:03: [INFO 2026-01-30T16:14:03.307Z] POST /empresas
2026-01-30T13:14:03: [INFO 2026-01-30T16:14:03.326Z] GET /empresas
2026-01-30T13:14:03: [INFO 2026-01-30T16:14:03.333Z] GET /empresas
2026-01-30T13:14:06: [INFO 2026-01-30T16:14:06.529Z] GET /empresas
2026-01-30T13:15:36: [INFO 2026-01-30T16:15:36.883Z] POST /empresas
2026-01-30T13:15:36: [INFO 2026-01-30T16:15:36.908Z] GET /empresas
2026-01-30T13:15:36: [INFO 2026-01-30T16:15:36.919Z] GET /empresas
2026-01-30T13:15:40: [INFO 2026-01-30T16:15:40.635Z] GET /empresas
2026-01-30T13:17:06: [INFO 2026-01-30T16:17:06.175Z] POST /empresas
2026-01-30T13:17:06: [INFO 2026-01-30T16:17:06.203Z] GET /empresas
2026-01-30T13:17:06: [INFO 2026-01-30T16:17:06.210Z] GET /empresas
2026-01-30T13:17:09: [INFO 2026-01-30T16:17:09.743Z] GET /empresas
2026-01-30T13:18:36: [INFO 2026-01-30T16:18:36.785Z] POST /empresas
2026-01-30T13:18:36: [INFO 2026-01-30T16:18:36.807Z] GET /empresas
2026-01-30T13:18:36: [INFO 2026-01-30T16:18:36.819Z] GET /empresas
2026-01-30T13:18:40: [INFO 2026-01-30T16:18:40.406Z] GET /empresas
2026-01-30T13:20:05: [INFO 2026-01-30T16:20:05.891Z] POST /empresas
2026-01-30T13:20:05: [INFO 2026-01-30T16:20:05.914Z] GET /empresas
2026-01-30T13:20:05: [INFO 2026-01-30T16:20:05.922Z] GET /empresas
2026-01-30T13:20:09: [INFO 2026-01-30T16:20:09.508Z] GET /empresas
2026-01-30T13:21:36: [INFO 2026-01-30T16:21:36.652Z] POST /empresas
2026-01-30T13:21:36: [INFO 2026-01-30T16:21:36.680Z] GET /empresas
2026-01-30T13:21:36: [INFO 2026-01-30T16:21:36.705Z] GET /empresas
2026-01-30T13:21:40: [INFO 2026-01-30T16:21:40.587Z] GET /empresas
2026-01-30T13:35:00: [INFO 2026-01-30T16:35:00.670Z] GET /empresas
2026-01-30T14:06:16: [INFO 2026-01-30T17:06:16.241Z] POST /empresas
2026-01-30T14:06:18: [INFO 2026-01-30T17:06:18.571Z] GET /empresas
2026-01-30T14:06:45: [INFO 2026-01-30T17:06:45.882Z] POST /auth/login
2026-01-30T14:06:45: [INFO 2026-01-30T17:06:45.971Z] GET /empresas
2026-01-30T14:33:19: [INFO 2026-01-30T17:33:19.818Z] GET /empresas
2026-01-30T14:42:11: [INFO 2026-01-30T17:42:11.758Z] POST /empresas
2026-01-30T14:42:39: [INFO 2026-01-30T17:42:39.836Z] POST /auth/login
2026-01-30T14:42:39: [INFO 2026-01-30T17:42:39.961Z] GET /empresas
2026-01-30T14:43:34: [INFO 2026-01-30T17:43:34.994Z] POST /empresas
2026-01-30T14:43:35: [INFO 2026-01-30T17:43:35.038Z] GET /empresas
2026-01-30T14:43:35: [INFO 2026-01-30T17:43:35.053Z] GET /empresas
2026-01-30T14:43:39: [INFO 2026-01-30T17:43:39.189Z] GET /empresas
2026-01-30T14:44:53: [INFO 2026-01-30T17:44:53.187Z] POST /empresas
2026-01-30T14:44:53: [INFO 2026-01-30T17:44:53.233Z] GET /empresas
2026-01-30T14:44:53: [INFO 2026-01-30T17:44:53.243Z] GET /empresas
2026-01-30T14:44:55: [INFO 2026-01-30T17:44:55.357Z] GET /empresas
2026-01-30T14:46:06: [INFO 2026-01-30T17:46:06.093Z] POST /empresas
2026-01-30T14:46:06: [INFO 2026-01-30T17:46:06.120Z] GET /empresas
2026-01-30T14:46:06: [INFO 2026-01-30T17:46:06.134Z] GET /empresas
2026-01-30T14:46:10: [INFO 2026-01-30T17:46:10.283Z] GET /empresas
2026-01-30T14:47:22: [INFO 2026-01-30T17:47:22.357Z] POST /empresas
2026-01-30T14:47:22: [INFO 2026-01-30T17:47:22.383Z] GET /empresas
2026-01-30T14:47:22: [INFO 2026-01-30T17:47:22.396Z] GET /empresas
2026-01-30T14:47:26: [INFO 2026-01-30T17:47:26.322Z] GET /empresas
2026-01-30T14:48:48: [INFO 2026-01-30T17:48:48.511Z] POST /empresas
2026-01-30T14:48:48: [INFO 2026-01-30T17:48:48.533Z] GET /empresas
2026-01-30T14:48:48: [INFO 2026-01-30T17:48:48.542Z] GET /empresas
2026-01-30T14:48:55: [INFO 2026-01-30T17:48:55.479Z] GET /empresas
2026-01-30T14:50:11: [INFO 2026-01-30T17:50:11.078Z] POST /empresas
2026-01-30T14:50:11: [INFO 2026-01-30T17:50:11.122Z] GET /empresas
2026-01-30T14:50:11: [INFO 2026-01-30T17:50:11.131Z] GET /empresas
2026-01-30T14:50:15: [INFO 2026-01-30T17:50:15.420Z] GET /empresas
2026-01-30T14:51:43: [INFO 2026-01-30T17:51:43.006Z] POST /empresas
2026-01-30T14:51:43: [INFO 2026-01-30T17:51:43.034Z] GET /empresas
2026-01-30T14:51:43: [INFO 2026-01-30T17:51:43.048Z] GET /empresas
2026-01-30T14:51:45: [INFO 2026-01-30T17:51:45.131Z] GET /empresas
2026-01-30T14:52:59: [INFO 2026-01-30T17:52:59.411Z] POST /empresas
2026-01-30T14:52:59: [INFO 2026-01-30T17:52:59.433Z] GET /empresas
2026-01-30T14:52:59: [INFO 2026-01-30T17:52:59.453Z] GET /empresas
2026-01-30T14:53:03: [INFO 2026-01-30T17:53:03.529Z] GET /empresas
2026-01-30T14:54:20: [INFO 2026-01-30T17:54:20.088Z] POST /empresas
2026-01-30T14:54:20: [INFO 2026-01-30T17:54:20.123Z] GET /empresas
2026-01-30T14:54:20: [INFO 2026-01-30T17:54:20.148Z] GET /empresas
2026-01-30T14:54:27: [INFO 2026-01-30T17:54:27.388Z] GET /empresas
2026-01-30T14:55:54: [INFO 2026-01-30T17:55:54.951Z] POST /empresas
2026-01-30T14:55:55: [INFO 2026-01-30T17:55:55.005Z] GET /empresas
2026-01-30T14:55:55: [INFO 2026-01-30T17:55:55.016Z] GET /empresas
2026-01-30T14:55:57: [INFO 2026-01-30T17:55:57.221Z] GET /empresas
2026-01-30T14:57:18: [INFO 2026-01-30T17:57:18.214Z] POST /empresas
2026-01-30T14:57:18: [INFO 2026-01-30T17:57:18.263Z] GET /empresas
2026-01-30T14:57:18: [INFO 2026-01-30T17:57:18.285Z] GET /empresas
2026-01-30T14:57:27: [INFO 2026-01-30T17:57:27.644Z] GET /empresas
2026-01-30T15:01:07: [INFO 2026-01-30T18:01:07.245Z] POST /empresas
2026-01-30T15:01:08: [INFO 2026-01-30T18:01:08.899Z] GET /empresas
2026-01-30T15:02:30: [INFO 2026-01-30T18:02:30.478Z] POST /empresas
2026-01-30T15:02:32: [INFO 2026-01-30T18:02:32.311Z] GET /empresas
2026-01-30T15:03:47: [INFO 2026-01-30T18:03:47.887Z] POST /empresas
2026-01-30T15:03:49: [INFO 2026-01-30T18:03:49.646Z] GET /empresas
2026-01-30T15:05:07: [INFO 2026-01-30T18:05:07.215Z] POST /empresas
2026-01-30T15:05:09: [INFO 2026-01-30T18:05:09.012Z] GET /empresas
2026-01-30T15:06:26: [INFO 2026-01-30T18:06:26.324Z] POST /empresas
2026-01-30T15:06:28: [INFO 2026-01-30T18:06:28.039Z] GET /empresas
2026-01-30T15:07:56: [INFO 2026-01-30T18:07:56.407Z] POST /empresas
2026-01-30T15:07:58: [INFO 2026-01-30T18:07:58.169Z] GET /empresas
2026-01-30T15:09:22: [INFO 2026-01-30T18:09:22.792Z] POST /empresas
2026-01-30T15:09:24: [INFO 2026-01-30T18:09:24.574Z] GET /empresas
2026-01-30T15:10:58: [INFO 2026-01-30T18:10:58.109Z] POST /empresas
2026-01-30T15:10:59: [INFO 2026-01-30T18:10:59.885Z] GET /empresas
2026-01-30T15:12:21: [INFO 2026-01-30T18:12:21.033Z] POST /empresas
2026-01-30T15:12:22: [INFO 2026-01-30T18:12:22.809Z] GET /empresas
2026-01-30T15:13:48: [INFO 2026-01-30T18:13:48.169Z] POST /empresas
2026-01-30T15:14:21: [INFO 2026-01-30T18:14:21.099Z] POST /auth/login
2026-01-30T15:14:21: [INFO 2026-01-30T18:14:21.173Z] GET /empresas
2026-01-30T15:15:28: [INFO 2026-01-30T18:15:28.370Z] POST /empresas
2026-01-30T15:15:30: [INFO 2026-01-30T18:15:30.083Z] GET /empresas
2026-01-30T15:16:42: [INFO 2026-01-30T18:16:42.648Z] POST /empresas
2026-01-30T15:16:44: [INFO 2026-01-30T18:16:44.445Z] GET /empresas
2026-01-30T15:18:08: [INFO 2026-01-30T18:18:08.365Z] POST /empresas
2026-01-30T15:18:08: [INFO 2026-01-30T18:18:08.410Z] GET /empresas
2026-01-30T15:18:08: [INFO 2026-01-30T18:18:08.419Z] GET /empresas
2026-01-30T15:18:13: [INFO 2026-01-30T18:18:13.569Z] GET /empresas
2026-01-30T15:19:47: [INFO 2026-01-30T18:19:47.710Z] POST /empresas
2026-01-30T15:19:47: [INFO 2026-01-30T18:19:47.739Z] GET /empresas
2026-01-30T15:19:47: [INFO 2026-01-30T18:19:47.760Z] GET /empresas
2026-01-30T15:19:52: [INFO 2026-01-30T18:19:52.258Z] GET /empresas
2026-01-30T15:21:22: [INFO 2026-01-30T18:21:22.025Z] POST /empresas
2026-01-30T15:21:22: [INFO 2026-01-30T18:21:22.057Z] GET /empresas
2026-01-30T15:21:22: [INFO 2026-01-30T18:21:22.073Z] GET /empresas
2026-01-30T15:21:26: [INFO 2026-01-30T18:21:26.898Z] GET /empresas
2026-01-30T15:22:55: [INFO 2026-01-30T18:22:55.313Z] POST /empresas
2026-01-30T15:22:55: [INFO 2026-01-30T18:22:55.371Z] GET /empresas
2026-01-30T15:22:55: [INFO 2026-01-30T18:22:55.381Z] GET /empresas
2026-01-30T15:22:57: [INFO 2026-01-30T18:22:57.756Z] GET /empresas
2026-01-30T15:24:17: [INFO 2026-01-30T18:24:17.283Z] POST /empresas
2026-01-30T15:24:17: [INFO 2026-01-30T18:24:17.307Z] GET /empresas
2026-01-30T15:24:17: [INFO 2026-01-30T18:24:17.320Z] GET /empresas
2026-01-30T15:24:19: [INFO 2026-01-30T18:24:19.706Z] GET /empresas
2026-01-30T15:25:46: [INFO 2026-01-30T18:25:46.937Z] POST /empresas
2026-01-30T15:25:46: [INFO 2026-01-30T18:25:46.961Z] GET /empresas
2026-01-30T15:25:46: [INFO 2026-01-30T18:25:46.973Z] GET /empresas
2026-01-30T15:25:49: [INFO 2026-01-30T18:25:49.259Z] GET /empresas
2026-01-30T15:27:06: [INFO 2026-01-30T18:27:06.030Z] POST /empresas
2026-01-30T15:27:06: [INFO 2026-01-30T18:27:06.054Z] GET /empresas
2026-01-30T15:27:06: [INFO 2026-01-30T18:27:06.063Z] GET /empresas
2026-01-30T15:27:08: [INFO 2026-01-30T18:27:08.517Z] GET /empresas
2026-01-30T15:28:36: [INFO 2026-01-30T18:28:36.292Z] POST /empresas
2026-01-30T15:28:36: [INFO 2026-01-30T18:28:36.379Z] GET /empresas
2026-01-30T15:28:36: [INFO 2026-01-30T18:28:36.395Z] GET /empresas
2026-01-30T15:28:42: [INFO 2026-01-30T18:28:42.181Z] GET /empresas
2026-01-30T15:30:16: [INFO 2026-01-30T18:30:16.829Z] POST /empresas
2026-01-30T15:30:16: [INFO 2026-01-30T18:30:16.869Z] GET /empresas
2026-01-30T15:30:16: [INFO 2026-01-30T18:30:16.908Z] GET /empresas
2026-01-30T15:30:19: [INFO 2026-01-30T18:30:19.506Z] GET /empresas
2026-01-30T15:31:37: [INFO 2026-01-30T18:31:37.416Z] POST /empresas
2026-01-30T15:31:37: [INFO 2026-01-30T18:31:37.879Z] GET /empresas
2026-01-30T15:31:37: [INFO 2026-01-30T18:31:37.901Z] GET /empresas
2026-01-30T15:31:42: [INFO 2026-01-30T18:31:42.874Z] GET /empresas
2026-01-30T15:33:05: [INFO 2026-01-30T18:33:05.240Z] POST /empresas
2026-01-30T15:33:05: [INFO 2026-01-30T18:33:05.292Z] GET /empresas
2026-01-30T15:33:05: [INFO 2026-01-30T18:33:05.302Z] GET /empresas
2026-01-30T15:33:07: [INFO 2026-01-30T18:33:07.822Z] GET /empresas
2026-01-30T15:34:29: [INFO 2026-01-30T18:34:29.209Z] POST /empresas
2026-01-30T15:34:29: [INFO 2026-01-30T18:34:29.299Z] GET /empresas
2026-01-30T15:34:29: [INFO 2026-01-30T18:34:29.315Z] GET /empresas
2026-01-30T15:34:31: [INFO 2026-01-30T18:34:31.752Z] GET /empresas
2026-01-30T15:35:58: [INFO 2026-01-30T18:35:58.810Z] POST /empresas
2026-01-30T15:35:58: [INFO 2026-01-30T18:35:58.833Z] GET /empresas
2026-01-30T15:35:58: [INFO 2026-01-30T18:35:58.842Z] GET /empresas
2026-01-30T15:36:01: [INFO 2026-01-30T18:36:01.387Z] GET /empresas
2026-01-30T15:37:20: [INFO 2026-01-30T18:37:20.078Z] POST /empresas
2026-01-30T15:37:20: [INFO 2026-01-30T18:37:20.126Z] GET /empresas
2026-01-30T15:37:20: [INFO 2026-01-30T18:37:20.132Z] GET /empresas
2026-01-30T15:37:22: [INFO 2026-01-30T18:37:22.866Z] GET /empresas
2026-01-30T15:38:41: [INFO 2026-01-30T18:38:41.466Z] POST /empresas
2026-01-30T15:38:41: [INFO 2026-01-30T18:38:41.492Z] GET /empresas
2026-01-30T15:38:41: [INFO 2026-01-30T18:38:41.501Z] GET /empresas
2026-01-30T15:38:46: [INFO 2026-01-30T18:38:46.570Z] GET /empresas
2026-01-30T15:40:15: [INFO 2026-01-30T18:40:15.501Z] POST /empresas
2026-01-30T15:40:15: [INFO 2026-01-30T18:40:15.634Z] GET /empresas
2026-01-30T15:40:15: [INFO 2026-01-30T18:40:15.653Z] GET /empresas
2026-01-30T15:40:18: [INFO 2026-01-30T18:40:18.516Z] GET /empresas
2026-01-30T15:41:44: [INFO 2026-01-30T18:41:44.734Z] POST /empresas
2026-01-30T15:41:44: [INFO 2026-01-30T18:41:44.765Z] GET /empresas
2026-01-30T15:41:44: [INFO 2026-01-30T18:41:44.789Z] GET /empresas
2026-01-30T15:41:49: [INFO 2026-01-30T18:41:49.928Z] GET /empresas
2026-01-30T15:43:02: [INFO 2026-01-30T18:43:02.303Z] POST /empresas
2026-01-30T15:43:02: [INFO 2026-01-30T18:43:02.326Z] GET /empresas
2026-01-30T15:43:02: [INFO 2026-01-30T18:43:02.346Z] GET /empresas
2026-01-30T15:43:05: [INFO 2026-01-30T18:43:05.020Z] GET /empresas
2026-01-30T15:44:23: [INFO 2026-01-30T18:44:23.437Z] POST /empresas
2026-01-30T15:44:23: [INFO 2026-01-30T18:44:23.464Z] GET /empresas
2026-01-30T15:44:23: [INFO 2026-01-30T18:44:23.488Z] GET /empresas
2026-01-30T15:44:56: [INFO 2026-01-30T18:44:56.160Z] POST /auth/login
2026-01-30T15:44:56: [INFO 2026-01-30T18:44:56.251Z] GET /empresas
2026-01-30T15:46:05: [INFO 2026-01-30T18:46:05.653Z] POST /empresas
2026-01-30T15:46:05: [INFO 2026-01-30T18:46:05.677Z] GET /empresas
2026-01-30T15:46:05: [INFO 2026-01-30T18:46:05.685Z] GET /empresas
2026-01-30T15:46:08: [INFO 2026-01-30T18:46:08.388Z] GET /empresas
2026-01-30T15:47:34: [INFO 2026-01-30T18:47:34.813Z] POST /empresas
2026-01-30T15:47:34: [INFO 2026-01-30T18:47:34.834Z] GET /empresas
2026-01-30T15:47:34: [INFO 2026-01-30T18:47:34.865Z] GET /empresas
2026-01-30T15:47:37: [INFO 2026-01-30T18:47:37.753Z] GET /empresas
2026-01-30T15:49:04: [INFO 2026-01-30T18:49:04.380Z] POST /empresas
2026-01-30T15:49:04: [INFO 2026-01-30T18:49:04.409Z] GET /empresas
2026-01-30T15:49:04: [INFO 2026-01-30T18:49:04.418Z] GET /empresas
2026-01-30T15:49:07: [INFO 2026-01-30T18:49:07.205Z] GET /empresas
2026-01-30T15:50:26: [INFO 2026-01-30T18:50:26.201Z] POST /empresas
2026-01-30T15:50:26: [INFO 2026-01-30T18:50:26.230Z] GET /empresas
2026-01-30T15:50:26: [INFO 2026-01-30T18:50:26.247Z] GET /empresas
2026-01-30T15:50:29: [INFO 2026-01-30T18:50:29.234Z] GET /empresas
2026-01-30T15:51:56: [INFO 2026-01-30T18:51:56.032Z] POST /empresas
2026-01-30T15:51:56: [INFO 2026-01-30T18:51:56.080Z] GET /empresas
2026-01-30T15:51:56: [INFO 2026-01-30T18:51:56.095Z] GET /empresas
2026-01-30T15:51:58: [INFO 2026-01-30T18:51:58.996Z] GET /empresas
2026-01-30T15:53:24: [INFO 2026-01-30T18:53:24.523Z] POST /empresas
2026-01-30T15:53:24: [INFO 2026-01-30T18:53:24.550Z] GET /empresas
2026-01-30T15:53:24: [INFO 2026-01-30T18:53:24.565Z] GET /empresas
2026-01-30T15:53:27: [INFO 2026-01-30T18:53:27.471Z] GET /empresas
2026-01-30T15:54:44: [INFO 2026-01-30T18:54:44.778Z] POST /empresas
2026-01-30T15:54:44: [INFO 2026-01-30T18:54:44.820Z] GET /empresas
2026-01-30T15:54:44: [INFO 2026-01-30T18:54:44.831Z] GET /empresas
2026-01-30T15:54:53: [INFO 2026-01-30T18:54:53.272Z] GET /empresas
2026-01-30T15:56:05: [INFO 2026-01-30T18:56:05.513Z] POST /empresas
2026-01-30T15:56:05: [INFO 2026-01-30T18:56:05.545Z] GET /empresas
2026-01-30T15:56:05: [INFO 2026-01-30T18:56:05.556Z] GET /empresas
2026-01-30T15:56:08: [INFO 2026-01-30T18:56:08.477Z] GET /empresas
2026-01-30T15:57:29: [INFO 2026-01-30T18:57:29.171Z] POST /empresas
2026-01-30T15:57:29: [INFO 2026-01-30T18:57:29.223Z] GET /empresas
2026-01-30T15:57:29: [INFO 2026-01-30T18:57:29.250Z] GET /empresas
2026-01-30T15:57:32: [INFO 2026-01-30T18:57:32.561Z] GET /empresas
2026-01-30T15:58:54: [INFO 2026-01-30T18:58:54.576Z] POST /empresas
2026-01-30T15:58:54: [INFO 2026-01-30T18:58:54.786Z] GET /empresas
2026-01-30T15:58:54: [INFO 2026-01-30T18:58:54.798Z] GET /empresas
2026-01-30T15:58:58: [INFO 2026-01-30T18:58:58.047Z] GET /empresas
2026-01-30T16:00:36: [INFO 2026-01-30T19:00:36.480Z] POST /empresas
2026-01-30T16:00:36: [INFO 2026-01-30T19:00:36.524Z] GET /empresas
2026-01-30T16:00:36: [INFO 2026-01-30T19:00:36.539Z] GET /empresas
2026-01-30T16:00:44: [INFO 2026-01-30T19:00:44.213Z] GET /empresas
2026-01-30T16:02:05: [INFO 2026-01-30T19:02:05.540Z] POST /empresas
2026-01-30T16:02:05: [INFO 2026-01-30T19:02:05.575Z] GET /empresas
2026-01-30T16:02:05: [INFO 2026-01-30T19:02:05.590Z] GET /empresas
2026-01-30T16:02:08: [INFO 2026-01-30T19:02:08.747Z] GET /empresas
2026-01-30T16:03:44: [INFO 2026-01-30T19:03:44.616Z] POST /empresas
2026-01-30T16:03:44: [INFO 2026-01-30T19:03:44.767Z] GET /empresas
2026-01-30T16:03:44: [INFO 2026-01-30T19:03:44.786Z] GET /empresas
2026-01-30T16:03:48: [INFO 2026-01-30T19:03:48.139Z] GET /empresas
2026-01-30T16:05:08: [INFO 2026-01-30T19:05:08.259Z] POST /empresas
2026-01-30T16:05:08: [INFO 2026-01-30T19:05:08.352Z] GET /empresas
2026-01-30T16:05:08: [INFO 2026-01-30T19:05:08.370Z] GET /empresas
2026-01-30T16:05:11: [INFO 2026-01-30T19:05:11.726Z] GET /empresas
2026-01-30T16:06:35: [INFO 2026-01-30T19:06:35.211Z] POST /empresas
2026-01-30T16:06:35: [INFO 2026-01-30T19:06:35.375Z] GET /empresas
2026-01-30T16:06:35: [INFO 2026-01-30T19:06:35.388Z] GET /empresas
2026-01-30T16:06:38: [INFO 2026-01-30T19:06:38.967Z] GET /empresas
2026-01-30T16:08:10: [INFO 2026-01-30T19:08:10.191Z] POST /empresas
2026-01-30T16:08:10: [INFO 2026-01-30T19:08:10.339Z] GET /empresas
2026-01-30T16:08:10: [INFO 2026-01-30T19:08:10.371Z] GET /empresas
2026-01-30T16:08:14: [INFO 2026-01-30T19:08:14.054Z] GET /empresas
2026-01-30T16:09:50: [INFO 2026-01-30T19:09:50.374Z] POST /empresas
2026-01-30T16:09:50: [INFO 2026-01-30T19:09:50.502Z] GET /empresas
2026-01-30T16:09:50: [INFO 2026-01-30T19:09:50.518Z] GET /empresas
2026-01-30T16:09:58: [INFO 2026-01-30T19:09:58.691Z] GET /empresas
2026-01-30T16:11:22: [INFO 2026-01-30T19:11:22.246Z] GET /empresas
2026-01-30T16:12:48: [INFO 2026-01-30T19:12:48.250Z] GET /empresas
2026-01-30T16:14:09: [INFO 2026-01-30T19:14:09.276Z] POST /empresas
2026-01-30T16:14:09: [INFO 2026-01-30T19:14:09.342Z] GET /empresas
2026-01-30T16:14:09: [INFO 2026-01-30T19:14:09.353Z] GET /empresas
2026-01-30T16:14:12: [INFO 2026-01-30T19:14:12.732Z] GET /empresas
2026-01-30T16:15:31: [INFO 2026-01-30T19:15:31.585Z] POST /empresas
2026-01-30T16:15:31: [INFO 2026-01-30T19:15:31.633Z] GET /empresas
2026-01-30T16:15:31: [INFO 2026-01-30T19:15:31.641Z] GET /empresas
2026-01-30T16:16:03: [INFO 2026-01-30T19:16:03.584Z] POST /auth/login
2026-01-30T16:16:03: [INFO 2026-01-30T19:16:03.667Z] GET /empresas
2026-01-30T16:17:14: [INFO 2026-01-30T19:17:14.040Z] POST /empresas
2026-01-30T16:17:14: [INFO 2026-01-30T19:17:14.076Z] GET /empresas
2026-01-30T16:17:14: [INFO 2026-01-30T19:17:14.087Z] GET /empresas
2026-01-30T16:17:17: [INFO 2026-01-30T19:17:17.831Z] GET /empresas
2026-01-30T16:18:49: [INFO 2026-01-30T19:18:49.359Z] POST /empresas
2026-01-30T16:18:49: [INFO 2026-01-30T19:18:49.382Z] GET /empresas
2026-01-30T16:18:49: [INFO 2026-01-30T19:18:49.390Z] GET /empresas
2026-01-30T16:18:52: [INFO 2026-01-30T19:18:52.921Z] GET /empresas
2026-01-30T16:20:22: [INFO 2026-01-30T19:20:22.588Z] POST /empresas
2026-01-30T16:20:22: [INFO 2026-01-30T19:20:22.623Z] GET /empresas
2026-01-30T16:20:22: [INFO 2026-01-30T19:20:22.636Z] GET /empresas
2026-01-30T16:20:26: [INFO 2026-01-30T19:20:26.480Z] GET /empresas
2026-01-30T16:21:56: [INFO 2026-01-30T19:21:56.244Z] POST /empresas
2026-01-30T16:21:56: [INFO 2026-01-30T19:21:56.273Z] GET /empresas
2026-01-30T16:21:56: [INFO 2026-01-30T19:21:56.293Z] GET /empresas
2026-01-30T16:21:59: [INFO 2026-01-30T19:21:59.956Z] GET /empresas
2026-01-30T16:23:18: [INFO 2026-01-30T19:23:18.266Z] POST /empresas
2026-01-30T16:23:18: [INFO 2026-01-30T19:23:18.292Z] GET /empresas
2026-01-30T16:23:18: [INFO 2026-01-30T19:23:18.300Z] GET /empresas
2026-01-30T16:23:25: [INFO 2026-01-30T19:23:25.275Z] GET /empresas
2026-01-30T16:24:51: [INFO 2026-01-30T19:24:51.972Z] POST /empresas
2026-01-30T16:24:51: [INFO 2026-01-30T19:24:51.995Z] GET /empresas
2026-01-30T16:24:52: [INFO 2026-01-30T19:24:52.006Z] GET /empresas
2026-01-30T16:24:56: [INFO 2026-01-30T19:24:56.411Z] GET /empresas
2026-01-30T16:26:13: [INFO 2026-01-30T19:26:13.385Z] POST /empresas
2026-01-30T16:26:13: [INFO 2026-01-30T19:26:13.401Z] GET /empresas
2026-01-30T16:26:13: [INFO 2026-01-30T19:26:13.412Z] GET /empresas
2026-01-30T16:26:17: [INFO 2026-01-30T19:26:17.190Z] GET /empresas
2026-01-30T16:27:46: [INFO 2026-01-30T19:27:46.162Z] POST /empresas
2026-01-30T16:27:46: [INFO 2026-01-30T19:27:46.193Z] GET /empresas
2026-01-30T16:27:46: [INFO 2026-01-30T19:27:46.201Z] GET /empresas
2026-01-30T16:27:50: [INFO 2026-01-30T19:27:50.042Z] GET /empresas
2026-01-30T16:29:22: [INFO 2026-01-30T19:29:22.224Z] POST /empresas
2026-01-30T16:29:22: [INFO 2026-01-30T19:29:22.251Z] GET /empresas
2026-01-30T16:29:22: [INFO 2026-01-30T19:29:22.264Z] GET /empresas
2026-01-30T16:29:35: [INFO 2026-01-30T19:29:35.107Z] GET /empresas
2026-01-30T16:31:00: [INFO 2026-01-30T19:31:00.466Z] POST /empresas
2026-01-30T16:31:00: [INFO 2026-01-30T19:31:00.545Z] GET /empresas
2026-01-30T16:31:00: [INFO 2026-01-30T19:31:00.555Z] GET /empresas
2026-01-30T16:31:09: [INFO 2026-01-30T19:31:09.710Z] GET /empresas
2026-01-30T16:32:33: [INFO 2026-01-30T19:32:33.570Z] POST /empresas
2026-01-30T16:32:33: [INFO 2026-01-30T19:32:33.624Z] GET /empresas
2026-01-30T16:32:33: [INFO 2026-01-30T19:32:33.640Z] GET /empresas
2026-01-30T16:32:37: [INFO 2026-01-30T19:32:37.446Z] GET /empresas
2026-01-30T16:34:07: [INFO 2026-01-30T19:34:07.007Z] POST /empresas
2026-01-30T16:34:07: [INFO 2026-01-30T19:34:07.059Z] GET /empresas
2026-01-30T16:34:07: [INFO 2026-01-30T19:34:07.067Z] GET /empresas
2026-01-30T16:34:10: [INFO 2026-01-30T19:34:10.777Z] GET /empresas
2026-01-30T16:35:33: [INFO 2026-01-30T19:35:33.475Z] POST /empresas
2026-01-30T16:35:35: [INFO 2026-01-30T19:35:35.269Z] GET /empresas
2026-01-30T16:37:05: [INFO 2026-01-30T19:37:05.326Z] POST /empresas
2026-01-30T16:37:05: [INFO 2026-01-30T19:37:05.362Z] GET /empresas
2026-01-30T16:37:05: [INFO 2026-01-30T19:37:05.375Z] GET /empresas
2026-01-30T16:37:09: [INFO 2026-01-30T19:37:09.181Z] GET /empresas
2026-01-30T16:38:37: [INFO 2026-01-30T19:38:37.513Z] POST /empresas
2026-01-30T16:38:37: [INFO 2026-01-30T19:38:37.540Z] GET /empresas
2026-01-30T16:38:37: [INFO 2026-01-30T19:38:37.549Z] GET /empresas
2026-01-30T16:38:41: [INFO 2026-01-30T19:38:41.704Z] GET /empresas
2026-01-30T16:40:17: [INFO 2026-01-30T19:40:17.950Z] POST /empresas
2026-01-30T16:40:18: [INFO 2026-01-30T19:40:18.059Z] GET /empresas
2026-01-30T16:40:18: [INFO 2026-01-30T19:40:18.079Z] GET /empresas
2026-01-30T16:40:22: [INFO 2026-01-30T19:40:22.298Z] GET /empresas
2026-01-30T16:41:50: [INFO 2026-01-30T19:41:50.556Z] POST /empresas
2026-01-30T16:41:50: [INFO 2026-01-30T19:41:50.592Z] GET /empresas
2026-01-30T16:41:50: [INFO 2026-01-30T19:41:50.610Z] GET /empresas
2026-01-30T16:41:55: [INFO 2026-01-30T19:41:55.251Z] GET /empresas
2026-01-30T16:43:17: [INFO 2026-01-30T19:43:17.443Z] POST /empresas
2026-01-30T16:43:17: [INFO 2026-01-30T19:43:17.470Z] GET /empresas
2026-01-30T16:43:17: [INFO 2026-01-30T19:43:17.479Z] GET /empresas
2026-01-30T16:43:21: [INFO 2026-01-30T19:43:21.815Z] GET /empresas
2026-01-30T16:44:53: [INFO 2026-01-30T19:44:53.926Z] POST /empresas
2026-01-30T16:44:53: [INFO 2026-01-30T19:44:53.961Z] GET /empresas
2026-01-30T16:44:53: [INFO 2026-01-30T19:44:53.975Z] GET /empresas
2026-01-30T16:45:00: [INFO 2026-01-30T19:45:00.290Z] GET /empresas
2026-01-30T16:46:33: [INFO 2026-01-30T19:46:33.292Z] POST /empresas
2026-01-30T16:46:33: [INFO 2026-01-30T19:46:33.322Z] GET /empresas
2026-01-30T16:46:33: [INFO 2026-01-30T19:46:33.341Z] GET /empresas
2026-01-30T16:47:10: [INFO 2026-01-30T19:47:10.679Z] POST /auth/login
2026-01-30T16:47:10: [INFO 2026-01-30T19:47:10.802Z] GET /empresas
2026-01-30T16:48:22: [INFO 2026-01-30T19:48:22.724Z] GET /empresas
2026-01-30T16:49:50: [INFO 2026-01-30T19:49:50.857Z] POST /empresas
2026-01-30T16:49:50: [INFO 2026-01-30T19:49:50.928Z] GET /empresas
2026-01-30T16:49:50: [INFO 2026-01-30T19:49:50.935Z] GET /empresas
2026-01-30T16:49:55: [INFO 2026-01-30T19:49:55.309Z] GET /empresas
2026-01-30T16:51:29: [INFO 2026-01-30T19:51:29.301Z] POST /empresas
2026-01-30T16:51:29: [INFO 2026-01-30T19:51:29.343Z] GET /empresas
2026-01-30T16:51:29: [INFO 2026-01-30T19:51:29.363Z] GET /empresas
2026-01-30T16:51:34: [INFO 2026-01-30T19:51:34.010Z] GET /empresas
2026-01-30T17:01:49: [INFO 2026-01-30T20:01:49.437Z] POST /empresas
2026-01-30T17:01:51: [INFO 2026-01-30T20:01:51.395Z] GET /empresas
2026-01-30T17:03:26: [INFO 2026-01-30T20:03:26.873Z] POST /empresas
2026-01-30T17:03:27: [INFO 2026-01-30T20:03:27.147Z] GET /empresas
2026-01-30T17:05:26: [INFO 2026-01-30T20:05:26.354Z] POST /empresas
2026-01-30T17:05:28: [INFO 2026-01-30T20:05:28.044Z] GET /empresas
2026-01-30T17:06:55: [INFO 2026-01-30T20:06:55.207Z] POST /empresas
2026-01-30T17:06:57: [INFO 2026-01-30T20:06:57.011Z] GET /empresas
2026-01-30T17:08:23: [INFO 2026-01-30T20:08:23.500Z] POST /empresas
2026-01-30T17:08:25: [INFO 2026-01-30T20:08:25.254Z] GET /empresas
2026-01-30T17:09:51: [INFO 2026-01-30T20:09:51.043Z] POST /empresas
2026-01-30T17:09:52: [INFO 2026-01-30T20:09:52.796Z] GET /empresas
2026-01-30T17:11:19: [INFO 2026-01-30T20:11:19.470Z] POST /empresas
2026-01-30T17:11:21: [INFO 2026-01-30T20:11:21.325Z] GET /empresas
2026-01-30T17:12:56: [INFO 2026-01-30T20:12:56.043Z] POST /empresas
2026-01-30T17:12:57: [INFO 2026-01-30T20:12:57.774Z] GET /empresas
2026-02-02T08:14:51: [INFO 2026-02-02T11:14:51.616Z] POST /auth/login
2026-02-02T08:14:52: [INFO 2026-02-02T11:14:52.488Z] GET /empresas
2026-02-02T08:15:50: [INFO 2026-02-02T11:15:50.410Z] POST /empresas
2026-02-02T08:15:53: [INFO 2026-02-02T11:15:53.196Z] GET /empresas
2026-02-02T08:17:10: [INFO 2026-02-02T11:17:10.928Z] POST /empresas
2026-02-02T08:17:12: [INFO 2026-02-02T11:17:12.842Z] GET /empresas
2026-02-02T08:17:32: [SUCCESS 2026-02-02T11:17:32.252Z] Servidor rodando na porta 3000
2026-02-02T08:17:32: [SUCCESS 2026-02-02T11:17:32.345Z] MySQL Pool conectado com sucesso
2026-02-02T08:19:35: [INFO 2026-02-02T11:19:35.847Z] POST /empresas
2026-02-02T08:19:37: [INFO 2026-02-02T11:19:37.822Z] GET /empresas
2026-02-02T08:20:47: [INFO 2026-02-02T11:20:47.194Z] POST /empresas
2026-02-02T08:20:49: [INFO 2026-02-02T11:20:49.117Z] GET /empresas
2026-02-02T08:22:01: [INFO 2026-02-02T11:22:01.963Z] POST /empresas
2026-02-02T08:22:03: [INFO 2026-02-02T11:22:03.727Z] GET /empresas
2026-02-02T08:23:30: [INFO 2026-02-02T11:23:30.571Z] POST /empresas
2026-02-02T08:23:32: [INFO 2026-02-02T11:23:32.361Z] GET /empresas
2026-02-02T08:26:15: [INFO 2026-02-02T11:26:15.419Z] POST /empresas
2026-02-02T08:26:17: [INFO 2026-02-02T11:26:17.627Z] GET /empresas
2026-02-02T08:27:42: [INFO 2026-02-02T11:27:42.814Z] POST /empresas
2026-02-02T08:27:44: [INFO 2026-02-02T11:27:44.599Z] GET /empresas
2026-02-02T08:29:12: [INFO 2026-02-02T11:29:12.650Z] POST /empresas
2026-02-02T08:29:14: [INFO 2026-02-02T11:29:14.435Z] GET /empresas
2026-02-02T08:29:52: [SUCCESS 2026-02-02T11:29:52.596Z] Servidor rodando na porta 3000
2026-02-02T08:29:52: [SUCCESS 2026-02-02T11:29:52.732Z] MySQL Pool conectado com sucesso
2026-02-02T08:31:03: [INFO 2026-02-02T11:31:03.045Z] POST /empresas
2026-02-02T08:31:04: [INFO 2026-02-02T11:31:04.787Z] GET /empresas
2026-02-02T08:32:31: [INFO 2026-02-02T11:32:31.245Z] POST /empresas
2026-02-02T08:32:33: [INFO 2026-02-02T11:32:33.067Z] GET /empresas
2026-02-02T08:33:45: [INFO 2026-02-02T11:33:45.772Z] POST /empresas
2026-02-02T08:33:47: [INFO 2026-02-02T11:33:47.774Z] GET /empresas
2026-02-02T08:35:08: [INFO 2026-02-02T11:35:08.627Z] POST /empresas
2026-02-02T08:35:10: [INFO 2026-02-02T11:35:10.338Z] GET /empresas
2026-02-02T08:36:34: [INFO 2026-02-02T11:36:34.132Z] POST /empresas
2026-02-02T08:36:35: [INFO 2026-02-02T11:36:35.882Z] GET /empresas
2026-02-02T08:37:58: [INFO 2026-02-02T11:37:58.844Z] POST /empresas
2026-02-02T08:38:01: [INFO 2026-02-02T11:38:01.247Z] GET /empresas
2026-02-02T08:39:24: [INFO 2026-02-02T11:39:24.440Z] POST /empresas
2026-02-02T08:39:26: [INFO 2026-02-02T11:39:26.197Z] GET /empresas
2026-02-02T08:40:41: [INFO 2026-02-02T11:40:41.273Z] POST /empresas
2026-02-02T08:40:43: [INFO 2026-02-02T11:40:43.036Z] GET /empresas
2026-02-02T08:42:07: [INFO 2026-02-02T11:42:07.262Z] POST /empresas
2026-02-02T08:42:12: [INFO 2026-02-02T11:42:12.337Z] GET /empresas
2026-02-02T08:43:26: [INFO 2026-02-02T11:43:26.489Z] POST /empresas
2026-02-02T08:43:28: [INFO 2026-02-02T11:43:28.179Z] GET /empresas
2026-02-02T08:44:49: [INFO 2026-02-02T11:44:49.831Z] POST /empresas
2026-02-02T08:44:51: [INFO 2026-02-02T11:44:51.597Z] GET /empresas
2026-02-02T08:46:15: [INFO 2026-02-02T11:46:15.095Z] POST /empresas
2026-02-02T08:46:43: [INFO 2026-02-02T11:46:43.778Z] POST /auth/login
2026-02-02T08:46:43: [INFO 2026-02-02T11:46:43.943Z] GET /empresas
2026-02-02T08:47:43: [INFO 2026-02-02T11:47:43.437Z] POST /empresas
2026-02-02T08:47:45: [INFO 2026-02-02T11:47:45.198Z] GET /empresas
2026-02-02T08:49:01: [INFO 2026-02-02T11:49:01.232Z] POST /empresas
2026-02-02T08:49:02: [INFO 2026-02-02T11:49:02.718Z] GET /empresas
2026-02-02T08:50:16: [INFO 2026-02-02T11:50:16.721Z] POST /empresas
2026-02-02T08:50:18: [INFO 2026-02-02T11:50:18.755Z] GET /empresas
2026-02-02T08:51:42: [INFO 2026-02-02T11:51:42.838Z] POST /empresas
2026-02-02T08:51:44: [INFO 2026-02-02T11:51:44.568Z] GET /empresas
2026-02-02T08:52:58: [INFO 2026-02-02T11:52:58.318Z] POST /empresas
2026-02-02T08:53:02: [INFO 2026-02-02T11:53:02.151Z] GET /empresas
2026-02-02T08:54:21: [INFO 2026-02-02T11:54:21.259Z] POST /empresas
2026-02-02T08:54:23: [INFO 2026-02-02T11:54:23.092Z] GET /empresas
2026-02-02T08:57:01: [INFO 2026-02-02T11:57:01.721Z] POST /empresas
2026-02-02T08:57:03: [INFO 2026-02-02T11:57:03.555Z] GET /empresas
2026-02-02T08:58:30: [INFO 2026-02-02T11:58:30.089Z] POST /empresas
2026-02-02T08:58:31: [INFO 2026-02-02T11:58:31.937Z] GET /empresas
2026-02-02T08:59:46: [INFO 2026-02-02T11:59:46.162Z] POST /empresas
2026-02-02T08:59:47: [INFO 2026-02-02T11:59:47.888Z] GET /empresas
2026-02-02T09:01:07: [INFO 2026-02-02T12:01:07.946Z] POST /empresas
2026-02-02T09:01:08: [INFO 2026-02-02T12:01:08.124Z] GET /empresas
2026-02-02T09:02:37: [INFO 2026-02-02T12:02:37.437Z] POST /empresas
2026-02-02T09:02:39: [INFO 2026-02-02T12:02:39.291Z] GET /empresas
2026-02-02T09:04:06: [INFO 2026-02-02T12:04:06.076Z] POST /empresas
2026-02-02T09:04:07: [INFO 2026-02-02T12:04:07.803Z] GET /empresas
2026-02-02T09:05:31: [INFO 2026-02-02T12:05:31.990Z] POST /empresas
2026-02-02T09:05:33: [INFO 2026-02-02T12:05:33.748Z] GET /empresas
2026-02-02T09:06:51: [INFO 2026-02-02T12:06:51.479Z] POST /empresas
2026-02-02T09:06:53: [INFO 2026-02-02T12:06:53.311Z] GET /empresas
2026-02-02T09:08:09: [INFO 2026-02-02T12:08:09.936Z] POST /empresas
2026-02-02T09:08:11: [INFO 2026-02-02T12:08:11.797Z] GET /empresas
2026-02-02T09:09:36: [INFO 2026-02-02T12:09:36.131Z] POST /empresas
2026-02-02T09:09:37: [INFO 2026-02-02T12:09:37.824Z] GET /empresas
2026-02-02T09:10:53: [INFO 2026-02-02T12:10:53.714Z] POST /empresas
2026-02-02T09:10:55: [INFO 2026-02-02T12:10:55.427Z] GET /empresas
2026-02-02T09:12:09: [INFO 2026-02-02T12:12:09.044Z] POST /empresas
2026-02-02T09:12:10: [INFO 2026-02-02T12:12:10.808Z] GET /empresas
2026-02-02T09:13:29: [INFO 2026-02-02T12:13:29.037Z] POST /empresas
2026-02-02T09:13:30: [INFO 2026-02-02T12:13:30.864Z] GET /empresas
2026-02-02T09:14:46: [INFO 2026-02-02T12:14:46.653Z] POST /empresas
2026-02-02T09:14:48: [INFO 2026-02-02T12:14:48.381Z] GET /empresas
2026-02-02T09:16:13: [INFO 2026-02-02T12:16:13.303Z] POST /empresas
2026-02-02T09:16:15: [INFO 2026-02-02T12:16:15.159Z] GET /empresas
2026-02-02T09:17:30: [INFO 2026-02-02T12:17:30.986Z] POST /empresas
2026-02-02T09:18:00: [INFO 2026-02-02T12:18:00.344Z] POST /auth/login
2026-02-02T09:18:00: [INFO 2026-02-02T12:18:00.479Z] GET /empresas
2026-02-02T09:19:06: [INFO 2026-02-02T12:19:06.375Z] POST /empresas
2026-02-02T09:19:08: [INFO 2026-02-02T12:19:08.072Z] GET /empresas
2026-02-02T09:20:25: [INFO 2026-02-02T12:20:25.870Z] POST /empresas
2026-02-02T09:20:27: [INFO 2026-02-02T12:20:27.612Z] GET /empresas
2026-02-02T09:21:44: [INFO 2026-02-02T12:21:44.142Z] POST /empresas
2026-02-02T09:21:45: [INFO 2026-02-02T12:21:45.877Z] GET /empresas
2026-02-02T09:23:02: [INFO 2026-02-02T12:23:02.617Z] POST /empresas
2026-02-02T09:23:05: [INFO 2026-02-02T12:23:05.317Z] GET /empresas
2026-02-02T09:24:19: [INFO 2026-02-02T12:24:19.933Z] POST /empresas
2026-02-02T09:24:21: [INFO 2026-02-02T12:24:21.614Z] GET /empresas
2026-02-02T09:25:36: [INFO 2026-02-02T12:25:36.382Z] POST /empresas
2026-02-02T09:25:36: [INFO 2026-02-02T12:25:36.486Z] GET /empresas
2026-02-02T09:25:36: [INFO 2026-02-02T12:25:36.504Z] GET /empresas
2026-02-02T09:25:40: [INFO 2026-02-02T12:25:40.645Z] GET /empresas
2026-02-02T09:27:02: [INFO 2026-02-02T12:27:02.943Z] POST /empresas
2026-02-02T09:27:02: [INFO 2026-02-02T12:27:02.978Z] GET /empresas
2026-02-02T09:27:03: [INFO 2026-02-02T12:27:03.004Z] GET /empresas
2026-02-02T09:27:07: [INFO 2026-02-02T12:27:07.534Z] GET /empresas
2026-02-02T09:28:33: [INFO 2026-02-02T12:28:33.581Z] POST /empresas
2026-02-02T09:28:35: [INFO 2026-02-02T12:28:35.295Z] GET /empresas
2026-02-02T09:29:50: [INFO 2026-02-02T12:29:50.822Z] POST /empresas
2026-02-02T09:29:52: [INFO 2026-02-02T12:29:52.811Z] GET /empresas
2026-02-02T09:31:15: [INFO 2026-02-02T12:31:15.697Z] POST /empresas
2026-02-02T09:31:18: [INFO 2026-02-02T12:31:18.466Z] GET /empresas
2026-02-02T09:32:42: [INFO 2026-02-02T12:32:42.337Z] POST /empresas
2026-02-02T09:32:44: [INFO 2026-02-02T12:32:44.134Z] GET /empresas
2026-02-02T09:34:10: [INFO 2026-02-02T12:34:10.487Z] POST /empresas
2026-02-02T09:34:12: [INFO 2026-02-02T12:34:12.316Z] GET /empresas
2026-02-02T09:35:40: [INFO 2026-02-02T12:35:40.083Z] POST /empresas
2026-02-02T09:35:41: [INFO 2026-02-02T12:35:41.813Z] GET /empresas
2026-02-02T09:36:58: [INFO 2026-02-02T12:36:58.429Z] POST /empresas
2026-02-02T09:37:00: [INFO 2026-02-02T12:37:00.118Z] GET /empresas
2026-02-02T09:38:21: [INFO 2026-02-02T12:38:21.650Z] POST /empresas
2026-02-02T09:38:23: [INFO 2026-02-02T12:38:23.443Z] GET /empresas
2026-02-02T09:39:41: [INFO 2026-02-02T12:39:41.527Z] POST /empresas
2026-02-02T09:39:43: [INFO 2026-02-02T12:39:43.203Z] GET /empresas
2026-02-02T09:41:08: [INFO 2026-02-02T12:41:08.630Z] POST /empresas
2026-02-02T09:41:10: [INFO 2026-02-02T12:41:10.319Z] GET /empresas
2026-02-02T09:42:34: [INFO 2026-02-02T12:42:34.303Z] POST /empresas
2026-02-02T09:42:36: [INFO 2026-02-02T12:42:36.014Z] GET /empresas
2026-02-02T09:43:55: [INFO 2026-02-02T12:43:55.154Z] POST /empresas
2026-02-02T09:43:56: [INFO 2026-02-02T12:43:56.965Z] GET /empresas
2026-02-02T09:45:15: [INFO 2026-02-02T12:45:15.032Z] POST /empresas
2026-02-02T09:45:16: [INFO 2026-02-02T12:45:16.852Z] GET /empresas
2026-02-02T09:46:44: [INFO 2026-02-02T12:46:44.057Z] POST /empresas
2026-02-02T09:46:45: [INFO 2026-02-02T12:46:45.801Z] GET /empresas
2026-02-02T09:48:02: [INFO 2026-02-02T12:48:02.707Z] POST /empresas
2026-02-02T09:48:33: [INFO 2026-02-02T12:48:33.248Z] POST /auth/login
2026-02-02T09:48:33: [INFO 2026-02-02T12:48:33.374Z] GET /empresas
2026-02-02T09:49:41: [INFO 2026-02-02T12:49:41.264Z] POST /empresas
2026-02-02T09:49:42: [INFO 2026-02-02T12:49:42.971Z] GET /empresas
2026-02-02T09:51:07: [INFO 2026-02-02T12:51:07.831Z] POST /empresas
2026-02-02T09:51:10: [INFO 2026-02-02T12:51:10.349Z] GET /empresas
2026-02-02T09:52:42: [INFO 2026-02-02T12:52:42.526Z] POST /empresas
2026-02-02T09:52:45: [INFO 2026-02-02T12:52:45.337Z] GET /empresas
2026-02-02T09:54:12: [INFO 2026-02-02T12:54:12.441Z] POST /empresas
2026-02-02T09:54:14: [INFO 2026-02-02T12:54:14.672Z] GET /empresas
2026-02-02T09:55:36: [INFO 2026-02-02T12:55:36.240Z] POST /empresas
2026-02-02T09:55:38: [INFO 2026-02-02T12:55:38.010Z] GET /empresas
2026-02-02T09:57:02: [INFO 2026-02-02T12:57:02.722Z] POST /empresas
2026-02-02T09:57:04: [INFO 2026-02-02T12:57:04.726Z] GET /empresas
2026-02-02T09:58:36: [INFO 2026-02-02T12:58:36.942Z] POST /empresas
2026-02-02T09:58:38: [INFO 2026-02-02T12:58:38.734Z] GET /empresas
2026-02-02T10:00:06: [INFO 2026-02-02T13:00:06.466Z] GET /empresas
2026-02-02T10:01:36: [INFO 2026-02-02T13:01:36.731Z] POST /empresas
2026-02-02T10:01:38: [INFO 2026-02-02T13:01:38.537Z] GET /empresas
2026-02-02T10:04:19: [INFO 2026-02-02T13:04:19.336Z] POST /empresas
2026-02-02T10:04:21: [INFO 2026-02-02T13:04:21.751Z] GET /empresas
2026-02-02T10:05:52: [INFO 2026-02-02T13:05:52.235Z] GET /empresas
2026-02-02T10:07:43: [INFO 2026-02-02T13:07:43.611Z] POST /empresas
2026-02-02T10:07:45: [INFO 2026-02-02T13:07:45.382Z] GET /empresas
2026-02-02T10:09:22: [INFO 2026-02-02T13:09:22.798Z] POST /empresas
2026-02-02T10:09:24: [INFO 2026-02-02T13:09:24.651Z] GET /empresas
2026-02-02T10:10:53: [INFO 2026-02-02T13:10:53.846Z] POST /empresas
2026-02-02T10:10:53: [INFO 2026-02-02T13:10:53.884Z] GET /empresas
2026-02-02T10:10:53: [INFO 2026-02-02T13:10:53.909Z] GET /empresas
2026-02-02T10:10:57: [INFO 2026-02-02T13:10:57.946Z] GET /empresas
2026-02-02T10:12:29: [INFO 2026-02-02T13:12:29.996Z] POST /empresas
2026-02-02T10:12:31: [INFO 2026-02-02T13:12:31.806Z] GET /empresas
2026-02-02T10:14:04: [INFO 2026-02-02T13:14:04.162Z] POST /empresas
2026-02-02T10:14:06: [INFO 2026-02-02T13:14:06.013Z] GET /empresas
2026-02-02T10:15:36: [INFO 2026-02-02T13:15:36.820Z] POST /empresas
2026-02-02T10:15:38: [INFO 2026-02-02T13:15:38.482Z] GET /empresas
2026-02-02T10:17:09: [INFO 2026-02-02T13:17:09.645Z] POST /empresas
2026-02-02T10:17:11: [INFO 2026-02-02T13:17:11.439Z] GET /empresas
2026-02-02T10:18:42: [INFO 2026-02-02T13:18:42.672Z] POST /empresas
2026-02-02T10:19:11: [INFO 2026-02-02T13:19:11.927Z] POST /auth/login
2026-02-02T10:19:12: [INFO 2026-02-02T13:19:12.016Z] GET /empresas
2026-02-02T10:20:22: [INFO 2026-02-02T13:20:22.539Z] POST /empresas
2026-02-02T10:20:24: [INFO 2026-02-02T13:20:24.301Z] GET /empresas
2026-02-02T10:21:50: [INFO 2026-02-02T13:21:50.279Z] POST /empresas
2026-02-02T10:21:52: [INFO 2026-02-02T13:21:52.020Z] GET /empresas
2026-02-02T10:23:15: [INFO 2026-02-02T13:23:15.492Z] POST /empresas
2026-02-02T10:23:17: [INFO 2026-02-02T13:23:17.269Z] GET /empresas
2026-02-02T10:24:36: [INFO 2026-02-02T13:24:36.777Z] POST /empresas
2026-02-02T10:24:38: [INFO 2026-02-02T13:24:38.594Z] GET /empresas
2026-02-02T10:26:02: [INFO 2026-02-02T13:26:02.507Z] POST /empresas
2026-02-02T10:26:04: [INFO 2026-02-02T13:26:04.283Z] GET /empresas
2026-02-02T10:27:27: [INFO 2026-02-02T13:27:27.508Z] POST /empresas
2026-02-02T10:27:29: [INFO 2026-02-02T13:27:29.260Z] GET /empresas
2026-02-02T10:28:54: [INFO 2026-02-02T13:28:54.348Z] POST /empresas
2026-02-02T10:28:56: [INFO 2026-02-02T13:28:56.135Z] GET /empresas
2026-02-02T10:30:20: [INFO 2026-02-02T13:30:20.615Z] POST /empresas
2026-02-02T10:30:22: [INFO 2026-02-02T13:30:22.385Z] GET /empresas
2026-02-02T10:31:42: [INFO 2026-02-02T13:31:42.869Z] POST /empresas
2026-02-02T10:31:44: [INFO 2026-02-02T13:31:44.685Z] GET /empresas
2026-02-02T10:33:12: [INFO 2026-02-02T13:33:12.372Z] POST /empresas
2026-02-02T10:33:14: [INFO 2026-02-02T13:33:14.452Z] GET /empresas
2026-02-02T10:34:36: [INFO 2026-02-02T13:34:36.056Z] POST /empresas
2026-02-02T10:34:37: [INFO 2026-02-02T13:34:37.908Z] GET /empresas
2026-02-02T10:35:58: [INFO 2026-02-02T13:35:58.978Z] POST /empresas
2026-02-02T10:36:00: [INFO 2026-02-02T13:36:00.810Z] GET /empresas
2026-02-02T10:37:22: [INFO 2026-02-02T13:37:22.403Z] POST /empresas
2026-02-02T10:37:24: [INFO 2026-02-02T13:37:24.148Z] GET /empresas
2026-02-02T10:38:47: [INFO 2026-02-02T13:38:47.677Z] POST /empresas
2026-02-02T10:38:49: [INFO 2026-02-02T13:38:49.490Z] GET /empresas
2026-02-02T10:40:11: [INFO 2026-02-02T13:40:11.599Z] POST /empresas
2026-02-02T10:40:13: [INFO 2026-02-02T13:40:13.521Z] GET /empresas
2026-02-02T10:41:33: [INFO 2026-02-02T13:41:33.548Z] POST /empresas
2026-02-02T10:41:35: [INFO 2026-02-02T13:41:35.854Z] GET /empresas
2026-02-02T10:43:00: [INFO 2026-02-02T13:43:00.198Z] POST /empresas
2026-02-02T10:43:01: [INFO 2026-02-02T13:43:01.988Z] GET /empresas
2026-02-02T10:44:32: [INFO 2026-02-02T13:44:32.650Z] POST /empresas
2026-02-02T10:44:34: [INFO 2026-02-02T13:44:34.404Z] GET /empresas
2026-02-02T10:46:02: [INFO 2026-02-02T13:46:02.618Z] POST /empresas
2026-02-02T10:46:02: [INFO 2026-02-02T13:46:02.997Z] GET /empresas
2026-02-02T10:47:28: [INFO 2026-02-02T13:47:28.303Z] POST /empresas
2026-02-02T10:47:30: [INFO 2026-02-02T13:47:30.118Z] GET /empresas
2026-02-02T10:48:54: [INFO 2026-02-02T13:48:54.733Z] POST /empresas
2026-02-02T10:48:56: [INFO 2026-02-02T13:48:56.639Z] GET /empresas
2026-02-02T10:50:17: [INFO 2026-02-02T13:50:17.701Z] POST /empresas
2026-02-02T10:50:47: [INFO 2026-02-02T13:50:47.369Z] POST /auth/login
2026-02-02T10:50:47: [INFO 2026-02-02T13:50:47.461Z] GET /empresas
2026-02-02T10:51:55: [INFO 2026-02-02T13:51:55.691Z] POST /empresas
2026-02-02T10:51:57: [INFO 2026-02-02T13:51:57.405Z] GET /empresas
2026-02-02T10:53:20: [INFO 2026-02-02T13:53:20.947Z] POST /empresas
2026-02-02T10:53:22: [INFO 2026-02-02T13:53:22.691Z] GET /empresas
2026-02-02T10:54:42: [INFO 2026-02-02T13:54:42.291Z] POST /empresas
2026-02-02T10:54:43: [INFO 2026-02-02T13:54:43.974Z] GET /empresas
2026-02-02T10:56:09: [INFO 2026-02-02T13:56:09.091Z] POST /empresas
2026-02-02T10:56:10: [INFO 2026-02-02T13:56:10.933Z] GET /empresas
2026-02-02T10:57:34: [INFO 2026-02-02T13:57:34.373Z] POST /empresas
2026-02-02T10:57:36: [INFO 2026-02-02T13:57:36.251Z] GET /empresas
2026-02-02T10:58:04: [INFO 2026-02-02T13:58:04.538Z] GET /empresas
2026-02-02T10:58:28: [INFO 2026-02-02T13:58:28.840Z] GET /usuarios
2026-02-02T10:58:52: [INFO 2026-02-02T13:58:52.697Z] POST /usuarios
2026-02-02T10:58:52: [INFO 2026-02-02T13:58:52.769Z] GET /usuarios
2026-02-02T10:58:58: [INFO 2026-02-02T13:58:58.917Z] GET /empresas
2026-02-02T10:59:10: [INFO 2026-02-02T13:59:10.252Z] GET /empresas
2026-02-02T10:59:39: [INFO 2026-02-02T13:59:39.603Z] GET /empresas
